Archive member included to satisfy reference by file (symbol)

c:/devkitpro/devkitarm/bin/../lib/gcc/arm-none-eabi/7.1.0\libgcc.a(_divsi3.o)
                              ManagerPrinter.thumb.o (__aeabi_idiv)
c:/devkitpro/devkitarm/bin/../lib/gcc/arm-none-eabi/7.1.0\libgcc.a(_dvmd_tls.o)
                              c:/devkitpro/devkitarm/bin/../lib/gcc/arm-none-eabi/7.1.0\libgcc.a(_divsi3.o) (__aeabi_idiv0)
c:/devkitpro/devkitarm/bin/../lib/gcc/arm-none-eabi/7.1.0/../../../../arm-none-eabi/lib\libg.a(lib_a-init.o)
                              c:/devkitpro/devkitarm/bin/../lib/gcc/arm-none-eabi/7.1.0/../../../../arm-none-eabi/lib/gba_crt0.o (__libc_init_array)
c:/devkitpro/devkitarm/bin/../lib/gcc/arm-none-eabi/7.1.0/../../../../arm-none-eabi/lib\libg.a(lib_a-malloc.o)
                              ActionRpg.thumb.o (malloc)
c:/devkitpro/devkitarm/bin/../lib/gcc/arm-none-eabi/7.1.0/../../../../arm-none-eabi/lib\libg.a(lib_a-mallocr.o)
                              c:/devkitpro/devkitarm/bin/../lib/gcc/arm-none-eabi/7.1.0/../../../../arm-none-eabi/lib\libg.a(lib_a-malloc.o) (_malloc_r)
c:/devkitpro/devkitarm/bin/../lib/gcc/arm-none-eabi/7.1.0/../../../../arm-none-eabi/lib\libg.a(lib_a-memcpy-stub.o)
                              ManagerScrDisplay.thumb.o (memcpy)
c:/devkitpro/devkitarm/bin/../lib/gcc/arm-none-eabi/7.1.0/../../../../arm-none-eabi/lib\libg.a(lib_a-memset.o)
                              ManagerCharactersActionEvents.thumb.o (memset)
c:/devkitpro/devkitarm/bin/../lib/gcc/arm-none-eabi/7.1.0/../../../../arm-none-eabi/lib\libg.a(lib_a-mlock.o)
                              c:/devkitpro/devkitarm/bin/../lib/gcc/arm-none-eabi/7.1.0/../../../../arm-none-eabi/lib\libg.a(lib_a-mallocr.o) (__malloc_lock)
c:/devkitpro/devkitarm/bin/../lib/gcc/arm-none-eabi/7.1.0/../../../../arm-none-eabi/lib\libg.a(lib_a-rand.o)
                              CharacterWerewolfController.thumb.o (rand)
c:/devkitpro/devkitarm/bin/../lib/gcc/arm-none-eabi/7.1.0/../../../../arm-none-eabi/lib\libg.a(lib_a-strncpy.o)
                              ManagerPrinter.thumb.o (strncpy)
c:/devkitpro/devkitarm/bin/../lib/gcc/arm-none-eabi/7.1.0/../../../../arm-none-eabi/lib\libg.a(lib_a-freer.o)
                              c:/devkitpro/devkitarm/bin/../lib/gcc/arm-none-eabi/7.1.0/../../../../arm-none-eabi/lib\libg.a(lib_a-malloc.o) (_free_r)
c:/devkitpro/devkitarm/bin/../lib/gcc/arm-none-eabi/7.1.0/../../../../arm-none-eabi/lib\libsysbase.a(sbrk.o)
                              c:/devkitpro/devkitarm/bin/../lib/gcc/arm-none-eabi/7.1.0/../../../../arm-none-eabi/lib\libg.a(lib_a-mallocr.o) (_sbrk_r)
c:/devkitpro/devkitarm/bin/../lib/gcc/arm-none-eabi/7.1.0/../../../../arm-none-eabi/lib\libsysbase.a(malloc_vars.o)
                              c:/devkitpro/devkitarm/bin/../lib/gcc/arm-none-eabi/7.1.0/../../../../arm-none-eabi/lib\libsysbase.a(sbrk.o) (fake_heap_start)
c:/devkitpro/devkitarm/bin/../lib/gcc/arm-none-eabi/7.1.0/../../../../arm-none-eabi/lib\libsysbase.a(syscall_support.o)
                              c:/devkitpro/devkitarm/bin/../lib/gcc/arm-none-eabi/7.1.0/../../../../arm-none-eabi/lib\libg.a(lib_a-mlock.o) (__libc_lock_acquire_recursive)
c:/devkitpro/devkitarm/bin/../lib/gcc/arm-none-eabi/7.1.0/../../../../arm-none-eabi/lib\libsysbase.a(getreent.o)
                              c:/devkitpro/devkitarm/bin/../lib/gcc/arm-none-eabi/7.1.0/../../../../arm-none-eabi/lib\libg.a(lib_a-malloc.o) (__getreent)
c:/devkitpro/devkitarm/bin/../lib/gcc/arm-none-eabi/7.1.0/../../../../arm-none-eabi/lib\libg.a(lib_a-impure.o)
                              c:/devkitpro/devkitarm/bin/../lib/gcc/arm-none-eabi/7.1.0/../../../../arm-none-eabi/lib\libsysbase.a(getreent.o) (_impure_ptr)

Allocating common symbols
Common symbol       size              file

soundChannels       0x78              ManagerSound.thumb.o
soundBuffer         0xc               ManagerSound.thumb.o
mprinter_textEntry  0x800             ManagerPrinter.thumb.o
listCopyImg         0x3c              ManagerImageCopy.thumb.o
paletteIdCollection
                    0x3c              ManagerVram.thumb.o
idCollection        0x3c              ManagerVram.thumb.o

Discarded input sections

 .text          0x00000000        0x0 c:/devkitpro/devkitarm/bin/../lib/gcc/arm-none-eabi/7.1.0/../../../../arm-none-eabi/lib/gba_crt0.o
 .data          0x00000000        0x0 c:/devkitpro/devkitarm/bin/../lib/gcc/arm-none-eabi/7.1.0/../../../../arm-none-eabi/lib/gba_crt0.o
 .bss           0x00000000        0x0 c:/devkitpro/devkitarm/bin/../lib/gcc/arm-none-eabi/7.1.0/../../../../arm-none-eabi/lib/gba_crt0.o
 .text          0x00000000        0x0 c:/devkitpro/devkitarm/bin/../lib/gcc/arm-none-eabi/7.1.0/crti.o
 .data          0x00000000        0x0 c:/devkitpro/devkitarm/bin/../lib/gcc/arm-none-eabi/7.1.0/crti.o
 .bss           0x00000000        0x0 c:/devkitpro/devkitarm/bin/../lib/gcc/arm-none-eabi/7.1.0/crti.o
[...]
Memory Configuration

Name             Origin             Length             Attributes
rom              0x08000000         0x02000000
iwram            0x03000000         0x00008000
ewram            0x02000000         0x00040000
*default*        0x00000000         0xffffffff

Linker script and memory map

                0x08000000                __text_start = ORIGIN (rom)
                0x02040000                __eheap_end = (ORIGIN (ewram) + LENGTH (ewram))
                0x03000000                __iwram_start = ORIGIN (iwram)
                0x03008000                __iwram_top = (ORIGIN (iwram) + LENGTH (iwram))
                0x03007fa0                __sp_irq = (__iwram_top - 0x60)
                0x03007f00                __sp_usr = (__sp_irq - 0xa0)
                0x03007ff8                __irq_flags = 0x3007ff8
                0x08000000                . = __text_start

.crt0           0x08000000      0x210
 *(.crt0)
 .crt0          0x08000000      0x210 c:/devkitpro/devkitarm/bin/../lib/gcc/arm-none-eabi/7.1.0/../../../../arm-none-eabi/lib/gba_crt0.o
                0x08000000                _start
                0x080000c4                __boot_method
                0x080000c5                __slave_number
                0x080000e0                start_vector
                0x08000210                . = ALIGN (0x4)

.init           0x08000210       0x18
 *(SORT(.init))
 .init          0x08000210        0xc c:/devkitpro/devkitarm/bin/../lib/gcc/arm-none-eabi/7.1.0/crti.o
                0x08000210                _init
 .init          0x0800021c        0xc c:/devkitpro/devkitarm/bin/../lib/gcc/arm-none-eabi/7.1.0/crtn.o

.plt            0x08000228        0x0
 *(.plt)
                0x08000228                . = ALIGN (0x4)

.text           0x08000228     0x9e50
 *(EXCLUDE_FILE(*.iwram*) .text)
 .text          0x08000228       0xac ActionRpg.thumb.o
                0x08000228                gameloop
 .text          0x080002d4      0x798 CharacterAlisa.thumb.o
                0x080002d4                alisa_getBoundingBoxStanding
                0x08000310                alisa_doAction
                0x08000340                alisa_setPosition
                0x08000394                alisa_actionStand
                0x080003f8                alisa_actionRun
                0x080004b4                alisa_actionDashForward
                0x08000584                alisa_actionDashBackward
                0x08000650                alisa_actionStunned
                0x080006a8                alisa_actionSlash
                0x08000764                alisa_actionPrepareDash
                0x080007d0                alisa_checkMapCollision
                0x08000804                alisa_checkCollision
                0x08000868                alisa_checkActionEventCollision
                0x08000910                alisa_init
                0x08000a28                alisa_getBoundingBoxMoving
 .text          0x08000a6c      0x958 CharacterAlisaController.thumb.o
                0x08000a6c                alisa_stunnedController
                0x08000ab8                alisa_dashForwardController
                0x08000b3c                alisa_controller
                0x08000cdc                alisa_slashController
                0x08000e20                alisa_dashBackwardController
                0x08001068                controlButtonCheck
                0x08001134                controlButtonHold
                0x080011a0                alisa_setCharacter
                0x080011ac                alisa_prepareDashController
 .text          0x080013c4     0x31ec CharacterCommon.thumb.o
                0x080013c4                commonDummy
                0x080013c8                common_noMovement
                0x080013cc                commonMovingDownMapCollision
                0x080014cc                commonMovingUpMapCollision
                0x080015d0                commonMovingLeftMapCollision
                0x080016d4                commonMovingRightMapCollision
                0x080017d4                commonMovingRightDownMapCollision
                0x080018e0                commonMovingLeftUpMapCollision
                0x080019ec                commonMovingLeftDownMapCollision
                0x08001af8                commonMovingRightUpMapCollision
                0x08001c04                commonDoCharacterEvent
                0x08001c7c                common_mapMovingRight
                0x08001dfc                common_mapMovingLeft
                0x08001f6c                common_mapMovingUp
                0x080020dc                common_mapMovingDown
                0x08002230                common_movingRight
                0x080023cc                common_movingDown
                0x08002560                common_movingLeft
                0x08002700                common_movingUp
                0x080028a0                common_mapMovingRightDownOffset
                0x08002a60                common_mapMovingLeftDownOffset
                0x08002c14                common_mapMovingRightUpOffset
                0x08002dc4                common_mapMovingLeftUpOffset
                0x08002f7c                common_movingRightDownOffset
                0x080031c0                common_movingLeftDownOffset
                0x08003408                common_movingRightUpOffset
                0x08003650                common_movingLeftUpOffset
                0x0800389c                commonRemoveCharacter
                0x080038e0                commonCharacterSetPosition
                0x0800390c                commonCharacterInit
                0x08003940                commonCharacterMapEdgeCheck
                0x080039b4                commonSetToOamBuffer
                0x08003adc                commonDrawDisplay
                0x08003b68                commonInitializeAction
                0x08003b9c                commonUpdateAnimation
                0x08003c20                commonGetNextFrame
                0x08003c98                commonIsInScreen
                0x08003d40                common_checkNext
                0x08003d70                hasCollision
                0x08003e28                commonPositionInBounds
                0x08003e74                commonGetBoundsFromMap
                0x08003ef8                commonSetCharacterEvent
                0x08003f5c                commonTriggerCharacterEvent
                0x080040e4                commonDoActionOneCycle
                0x0800418c                commonDoActionByFrames
                0x08004190                transferToBoundingBox
                0x080041b4                commonCheckForEvents
                0x080042e8                commonGetCurrentAnimationFrame
                0x080042f4                commonGetCurrentScreenFrame
                0x080042fc                commonDoNextAction
                0x08004368                commonDoIntializeActions
                0x080043f8                commonFindCharTypeInBoundingBox
                0x080044d0                commonFindCharTypePositionByDistance
                0x08004594                commonIsFoundPosition
 .text          0x080045b0      0x208 CharacterCrow.thumb.o
                0x080045b0                crow_doAction
                0x080045e8                crow_getBoundingBox
                0x08004604                crow_checkMapCollision
                0x08004608                crow_checkCollision
                0x0800460c                crow_actionStand
                0x080046b0                crow_setPosition
                0x08004704                crow_init
 .text          0x080047b8       0x38 CharacterCrowController.thumb.o
                0x080047b8                crow_controller
                0x080047e4                crow_setCharacter
 .text          0x080047f0      0x2d4 CharacterGhostMan.thumb.o
                0x080047f0                ghostMan_doAction
                0x08004810                ghostMan_getBoundingBox
                0x08004814                ghostMan_checkCollision
                0x08004818                ghostMan_checkMapCollision
                0x0800481c                ghostMan_doSit
                0x0800486c                ghostMan_doFollow
                0x08004918                ghostMan_doTransitionToFollow
                0x080049c0                ghostMan_setPosition
                0x08004a14                ghostMan_init
 .text          0x08004ac4      0x214 CharacterGhostlyHand.thumb.o
                0x08004ac4                ghostlyHand_doAction
                0x08004ae4                ghostlyHand_getBoundingBox
                0x08004ae8                ghostlyHand_checkCollision
                0x08004aec                ghostlyHand_checkMapCollision
                0x08004af0                ghostlyHand_setPosition
                0x08004b44                ghostlyHand_doHide
                0x08004b9c                ghostlyHand_doAppear
                0x08004c28                ghostlyHand_init
 .text          0x08004cd8       0x1c CharacterGhostlyHandController.thumb.o
                0x08004cd8                ghostlyHand_controller
                0x08004ce8                ghostlyHand_setCharacter
 .text          0x08004cf4       0xdc CharacterGhostmanController.thumb.o
                0x08004cf4                ghostMan_followController
                0x08004d04                ghostMan_controller
                0x08004d7c                ghostMan_transistionToFollowController
                0x08004dc0                ghostMan_setCharacter
 .text          0x08004dd0      0x58c CharacterWerewolf.thumb.o
                0x08004dd0                werewolf_doAction
                0x08004df0                werewolf_getBoundingBoxStanding
                0x08004e30                werewolf_actionWalk
                0x08004f6c                werewolf_actionFindTarget
                0x08005024                werewolf_checkMapCollision
                0x08005050                werewolf_checkCollision
                0x080050b4                werewolf_setPosition
                0x08005178                werewolf_checkActionEventCollision
                0x08005218                werewolf_init
                0x080052f0                werewolf_getBounds
                0x08005314                werewolf_getBoundingBoxMoving
 .text          0x0800535c      0x2c8 CharacterWerewolfController.thumb.o
                0x0800535c                werewolf_scanSurroundingsController
                0x08005524                werewolf_goAroundObstacleController
                0x08005600                werewolf_setCharacter
                0x0800560c                werewolf_huntTargetController
                0x08005610                werewolf_remove
 .text          0x08005624      0x804 CharacterZombie.thumb.o
                0x08005624                zombie_doAction
                0x08005644                zombie_getBoundingBoxMoving
                0x08005688                zombie_actionStunned
                0x080056e0                zombie_actionWalk
                0x08005878                zombie_actionChaseTarget
                0x080059cc                zombie_actionAttack
                0x08005ae8                zombie_checkMapCollision
                0x08005b18                zombie_checkCollision
                0x08005b7c                zombie_checkActionEventCollision
                0x08005c38                zombie_setPosition
                0x08005cfc                zombie_init
                0x08005de4                zombie_getBoundingBoxStanding
 .text          0x08005e28      0x6d4 CharacterZombieController.thumb.o
                0x08005e28                zombie_huntController
                0x080060f0                zombie_isStunnedController
                0x0800618c                zombie_walkAroundController
                0x08006444                zombie_setCharacter
                0x08006450                changeDirection
                0x08006480                resetBlockedDirection
                0x0800648c                findAttackDirection
 .text          0x080064fc       0x84 GBATimer.thumb.o
                0x080064fc                gbatimer_profileStart
                0x0800653c                gbatimer_profileStop
                0x08006564                gbatimer_set
 .text          0x08006580      0x484 ManagerBG.thumb.o
                0x08006580                mbg_initializeMapOnScreen
                0x0800661c                mbg_initializeCharacters
                0x080066d8                mbg_init
                0x0800683c                mbg_setVerticalTiles
                0x08006908                mbg_setHorizontalTiles
                0x080069b0                mbg_checkBoundary
                0x080069f8                mbg_checkCollision
                0x080069fc                mbg_collisionAtPosition
 .text          0x08006a04      0x5ec ManagerCharacters.thumb.o
                0x08006a04                mchar_setDraw
                0x08006a10                mchar_draw
                0x08006a64                mchar_init
                0x08006abc                mchar_getPlayerCharacter
                0x08006ae8                mchar_reinit
                0x08006b4c                mchar_action
                0x08006ba0                mchar_resolveAction
                0x08006d84                mchar_checkCollisionAbove
                0x08006dec                mchar_checkCollisionBelow
                0x08006e54                mchar_setPosition
                0x08006ed0                mchar_findCharacterType
                0x08006f08                mchar_resetControlType
                0x08006f54                mchar_initControlType
                0x08006fb4                mchar_getControlType
 .text          0x08006ff0       0xec ManagerCharactersActionEvents.thumb.o
                0x08006ff0                mchar_actione_init
                0x0800702c                mchar_actione_reinit
                0x0800705c                mchar_actione_add
 .text          0x080070dc       0x30 ManagerGame.thumb.o
                0x080070dc                mgame_setUpdater
 .text          0x0800710c       0x68 ManagerOAM.thumb.o
                0x0800710c                moam_initBuffer
                0x08007138                moam_setUpdate
                0x08007144                moam_update
 .text          0x08007174      0x5e8 ManagerPrinter.thumb.o
                0x08007174                mprinter_init
                0x080071d0                mprinter_clear
                0x080071fc                mprinter_string
                0x08007268                mprinter_convertIntToString
                0x080072b0                mprinter_number
                0x08007398                mprinter_printf
                0x08007738                mprinter_print
 .text          0x0800775c      0x448 ManagerScrDisplay.thumb.o
                0x0800775c                mscr_moveScr
                0x080078fc                initDisplay2BG
                0x08007908                mscr_initCharMoveRef
                0x0800798c                mscr_adjustScreenToMapLimits
                0x080079cc                mscr_initPosMoveRef
                0x080079d4                mscr_checkMoveLeft
                0x08007a08                mscr_checkMoveRight
                0x08007a40                mscr_checkMoveUp
                0x08007a74                mscr_checkMoveDown
                0x08007aac                mscr_setHorizontalMove
                0x08007ae8                mscr_setVerticalMove
                0x08007b24                mscr_setDraw
                0x08007b30                mscr_draw
                0x08007b6c                initWindowObj
                0x08007b8c                removeWindowObj
 .text          0x08007ba4      0x634 ManagerSound.thumb.o
                0x08007ba4                msound_init
                0x08007bec                msound_setUpMono
                0x08007c50                msound_setUpStereo
                0x08007ccc                getOpenChannel
                0x08007d18                msound_setChannel3d
                0x08007dfc                msound_setChannel
                0x08007e8c                msound_mixMono
                0x08007f8c                msound_mixStereo
                0x0800815c                msound_mixStereoASMR
                0x08008168                msound_changeBuf
                0x080081a8                msound_process3dSound
 .text          0x080081d8      0x774 ManagerVram.thumb.o
                0x080081d8                sprite_vram_init
                0x08008294                sprite_vram_findId
                0x08008354                sprite_vram_freeId
                0x08008400                sprite_vram_copy32_ID
                0x0800842c                sprite_getID
                0x0800844c                sprite_vram_reset
                0x08008458                sprite_palette_init
                0x08008558                sprite_palette_findId
                0x0800882c                sprite_palette_copy32
                0x08008864                sprite_palette_copy32_ID
                0x08008888                sprite_palette_getID
                0x08008894                sprite_palette_reset
                0x080088a0                tiles_vram_copy32
                0x080088d8                map_vram_copy32
                0x08008910                getBGMemoryCurrent
                0x0800891c                memFill16
                0x0800893c                sprite_get_palette_ID
 .text          0x0800894c      0x1b4 MapCommon.thumb.o
                0x0800894c                returnToScreen
                0x08008988                mapCommon_defaultEffect
                0x0800898c                mapCommon_returnToNormal
                0x080089c8                mapCommon_goDark
                0x08008a04                mapCommon_transferToMap
                0x08008aa8                map_nofunction
                0x08008aac                fadeToBlack
                0x08008aec                mapCommon_initFlashScreen
 .text          0x08008b00       0x48 UpdateGameStatus.arm.o
                0x08008b00                updateGameStatus
 .text          0x08008b48      0x14c UtilLzssDecompress.thumb.o
                0x08008b48                lzssDecompress
                0x08008c6c                lzss2vram
                0x08008c88                LZSSUncomp
 .text          0x08008c94      0x148 c:/devkitpro/devkitarm/bin/../lib/gcc/arm-none-eabi/7.1.0\libgcc.a(_divsi3.o)
                0x08008c94                __divsi3
                0x08008c94                __aeabi_idiv
                0x08008dbc                __aeabi_idivmod
 .text          0x08008ddc        0x4 c:/devkitpro/devkitarm/bin/../lib/gcc/arm-none-eabi/7.1.0\libgcc.a(_dvmd_tls.o)
                0x08008ddc                __aeabi_idiv0
                0x08008ddc                __aeabi_ldiv0
 *(.text .stub .text.* .gnu.linkonce.t.*)
 .text.deregister_tm_clones
                0x08008de0       0x2c c:/devkitpro/devkitarm/bin/../lib/gcc/arm-none-eabi/7.1.0/crtbegin.o
 .text.register_tm_clones
                0x08008e0c       0x38 c:/devkitpro/devkitarm/bin/../lib/gcc/arm-none-eabi/7.1.0/crtbegin.o
 .text.__do_global_dtors_aux
                0x08008e44       0x44 c:/devkitpro/devkitarm/bin/../lib/gcc/arm-none-eabi/7.1.0/crtbegin.o
 .text.frame_dummy
                0x08008e88       0x34 c:/devkitpro/devkitarm/bin/../lib/gcc/arm-none-eabi/7.1.0/crtbegin.o
 .text.startup  0x08008ebc       0xc0 ActionRpg.thumb.o
                0x08008ebc                main
 .text.__libc_init_array
                0x08008f7c       0x88 c:/devkitpro/devkitarm/bin/../lib/gcc/arm-none-eabi/7.1.0/../../../../arm-none-eabi/lib\libg.a(lib_a-init.o)
                0x08008f7c                __libc_init_array
 .text.malloc   0x08009004       0x1c c:/devkitpro/devkitarm/bin/../lib/gcc/arm-none-eabi/7.1.0/../../../../arm-none-eabi/lib\libg.a(lib_a-malloc.o)
                0x08009004                malloc
 .text._malloc_r
                0x08009020      0x7ac c:/devkitpro/devkitarm/bin/../lib/gcc/arm-none-eabi/7.1.0/../../../../arm-none-eabi/lib\libg.a(lib_a-mallocr.o)
                0x08009020                _malloc_r
 .text.memcpy   0x080097cc      0x110 c:/devkitpro/devkitarm/bin/../lib/gcc/arm-none-eabi/7.1.0/../../../../arm-none-eabi/lib\libg.a(lib_a-memcpy-stub.o)
                0x080097cc                memcpy
 .text.memset   0x080098dc      0x114 c:/devkitpro/devkitarm/bin/../lib/gcc/arm-none-eabi/7.1.0/../../../../arm-none-eabi/lib\libg.a(lib_a-memset.o)
                0x080098dc                memset
 .text.__malloc_lock
                0x080099f0       0x18 c:/devkitpro/devkitarm/bin/../lib/gcc/arm-none-eabi/7.1.0/../../../../arm-none-eabi/lib\libg.a(lib_a-mlock.o)
                0x080099f0                __malloc_lock
 .text.__malloc_unlock
                0x08009a08       0x18 c:/devkitpro/devkitarm/bin/../lib/gcc/arm-none-eabi/7.1.0/../../../../arm-none-eabi/lib\libg.a(lib_a-mlock.o)
                0x08009a08                __malloc_unlock
 .text.rand     0x08009a20       0x4c c:/devkitpro/devkitarm/bin/../lib/gcc/arm-none-eabi/7.1.0/../../../../arm-none-eabi/lib\libg.a(lib_a-rand.o)
                0x08009a20                rand
 .text.strncpy  0x08009a6c       0xe0 c:/devkitpro/devkitarm/bin/../lib/gcc/arm-none-eabi/7.1.0/../../../../arm-none-eabi/lib\libg.a(lib_a-strncpy.o)
                0x08009a6c                strncpy
 .text._malloc_trim_r
                0x08009b4c      0x100 c:/devkitpro/devkitarm/bin/../lib/gcc/arm-none-eabi/7.1.0/../../../../arm-none-eabi/lib\libg.a(lib_a-freer.o)
                0x08009b4c                _malloc_trim_r
 .text._free_r  0x08009c4c      0x2dc c:/devkitpro/devkitarm/bin/../lib/gcc/arm-none-eabi/7.1.0/../../../../arm-none-eabi/lib\libg.a(lib_a-freer.o)
                0x08009c4c                _free_r
 .text._sbrk_r  0x08009f28       0x74 c:/devkitpro/devkitarm/bin/../lib/gcc/arm-none-eabi/7.1.0/../../../../arm-none-eabi/lib\libsysbase.a(sbrk.o)
                0x08009f28                _sbrk_r
 .text.__libc_lock_acquire_recursive
                0x08009f9c       0x18 c:/devkitpro/devkitarm/bin/../lib/gcc/arm-none-eabi/7.1.0/../../../../arm-none-eabi/lib\libsysbase.a(syscall_support.o)
                0x08009f9c                __libc_lock_acquire_recursive
 .text.__libc_lock_release_recursive
                0x08009fb4       0x18 c:/devkitpro/devkitarm/bin/../lib/gcc/arm-none-eabi/7.1.0/../../../../arm-none-eabi/lib\libsysbase.a(syscall_support.o)
                0x08009fb4                __libc_lock_release_recursive
 .text.__getreent
                0x08009fcc       0x24 c:/devkitpro/devkitarm/bin/../lib/gcc/arm-none-eabi/7.1.0/../../../../arm-none-eabi/lib\libsysbase.a(getreent.o)
                0x08009fcc                __getreent
 .text.__getreent.__stub
                0x08009ff0       0x74 linker stubs
 *(.text.*personality*)
 *(.gnu.warning)
 *(.glue_7t)
 .glue_7t       0x0800a078        0x0 linker stubs
 *(.glue_7)
 .glue_7        0x0800a078        0x0 linker stubs
 *(.vfp11_veneer)
 .vfp11_veneer  0x0800a078        0x0 linker stubs
                0x0800a078                . = ALIGN (0x4)
                0x0800a078                __text_end = .

.v4_bx          0x0800a078        0x0
 .v4_bx         0x0800a078        0x0 linker stubs

.iplt           0x0800a078        0x0
 .iplt          0x0800a078        0x0 c:/devkitpro/devkitarm/bin/../lib/gcc/arm-none-eabi/7.1.0/../../../../arm-none-eabi/lib/gba_crt0.o

.fini           0x0800a078       0x18
 *(.fini)
 .fini          0x0800a078        0xc c:/devkitpro/devkitarm/bin/../lib/gcc/arm-none-eabi/7.1.0/crti.o
                0x0800a078                _fini
 .fini          0x0800a084        0xc c:/devkitpro/devkitarm/bin/../lib/gcc/arm-none-eabi/7.1.0/crtn.o
                0x0800a090                . = ALIGN (0x4)

.rodata         0x0800a090    0x1d1b8
 *(.rodata)
 .rodata        0x0800a090      0x328 CharacterAlisa.thumb.o
                0x0800a090                alisa_actions
                0x0800a0b0                slash_offsetValues
                0x0800a0f0                alisa_mapCollisionReactions
                0x0800a110                alisa_mapCollision
                0x0800a130                alisa_collisionReactions
                0x0800a170                alisa_boundingBoxMeasurements
                0x0800a174                alisa_scrConversionMeasurements
                0x0800a178                alisa_dashOffsetY
                0x0800a1f8                alisa_dashOffsetX
                0x0800a278                alisa_runOffsetY
                0x0800a318                alisa_runOffsetX
 .rodata        0x0800a3b8        0x8 CharacterAlisaController.thumb.o
                0x0800a3b8                DEFAULT_DIRECTIONMAP
 .rodata        0x0800a3c0      0x10c CharacterCommon.thumb.o
                0x0800a3c0                uncompressedCopySize
                0x0800a3f0                NOT_FOUND_POSITION
                0x0800a3f8                openSlot
                0x0800a44c                common_mapCollision
                0x0800a46c                common_mapCollisionReactions
                0x0800a48c                common_collisionReactions
 .rodata        0x0800a4cc       0x12 CharacterGhostMan.thumb.o
                0x0800a4cc                ghostMan_actions
                0x0800a4d8                ghostMan_boundingBoxMeasurements
                0x0800a4dc                ghostMan_scrConversionMeasurements
 *fill*         0x0800a4de        0x2 ff
 .rodata        0x0800a4e0        0xe CharacterGhostlyHand.thumb.o
                0x0800a4e0                ghostlyHand_actions
                0x0800a4e8                ghostlyHand_boundingBoxMeasurements
                0x0800a4ec                ghostlyHand_scrConversionMeasurements
 *fill*         0x0800a4ee        0x2 ff
 .rodata        0x0800a4f0       0x40 CharacterType.thumb.o
                0x0800a4f0                characterSet
                0x0800a510                chacterInit
 .rodata        0x0800a530      0x2c6 CharacterWerewolf.thumb.o
                0x0800a530                werewolf_scanSurroundingOffset
                0x0800a570                werewolf_mapCollisionReactions
                0x0800a590                werewolf_mapCollision
                0x0800a5b0                werewolf_collisionReactions
                0x0800a5f0                werewolf_runOffsetY
                0x0800a6f0                werewolf_runOffsetX
                0x0800a7f0                werewolf_boundingBoxMeasurements
                0x0800a7f4                werewolf_scrConversionMeasurements
 *fill*         0x0800a7f6        0x2 ff
 .rodata        0x0800a7f8        0x8 CharacterWerewolfController.thumb.o
                0x0800a7f8                werewolf_patrolDirections
 .rodata        0x0800a800      0x1ca CharacterZombie.thumb.o
                0x0800a800                zombie_scanSurroundingOffset
                0x0800a840                zombie_strike_offsetValues
                0x0800a880                zombie_scanLastKnownPosition
                0x0800a884                zombie_walkOffsetY
                0x0800a924                zombie_walkOffsetX
                0x0800a9c4                zombie_boundingBoxMeasurements
                0x0800a9c8                zombie_scrConversionMeasurements
 *fill*         0x0800a9ca        0x2 ff
 .rodata        0x0800a9cc       0x3d CharacterZombieController.thumb.o
                0x0800a9cc                FAR_TARGET
                0x0800a9e8                zombie_walkDirections
                0x0800a9f0                NEAR_TARGET
 *fill*         0x0800aa09        0x3 ff
 .rodata        0x0800aa0c        0x8 ManagerOAM.thumb.o
                0x0800aa0c                moam_removeObj
 .rodata        0x0800aa14     0x17a0 ManagerPrinter.thumb.o
                0x0800aa14                character_pal
                0x0800aa34                character_tiles
 .rodata        0x0800c1b4        0x8 ManagerScrDisplay.thumb.o
                0x0800c1b4                default_scrBoundingBox
 .rodata        0x0800c1bc      0x108 ManagerSound.thumb.o
                0x0800c1bc                freeChannel
                0x0800c1d4                distanceAttenuation
                0x0800c214                sound_zero
 .rodata        0x0800c2c4     0x29d8 MapForest.o
                0x0800c2c4                mapforest
                0x0800c2f4                transfer_mapforest
                0x0800c304                actors_mapforest
                0x0800c328                tileset_treetops
                0x0800c330                tileset_treestrunks
                0x0800c338                tileset_trees
                0x0800c340                tileset_thickgrass
                0x0800c348                collision_mapforest
                0x0800cb8c                mapentry_mapforest
 .rodata        0x0800ec9c     0x50b4 MapSnowField.o
                0x0800ec9c                mapsnowfield
                0x0800eccc                transfer_mapsnowfield
                0x0800ecdc                actors_mapsnowfield
                0x0800ed00                tileset_snow_treebarriertop2
                0x0800ed08                tileset_snow_treebarrier2
                0x0800ed10                tileset_snow_treebarriertop
                0x0800ed18                tileset_snow_treebarrier
                0x0800ed20                tileset_snow_densetreetrunks
                0x0800ed28                tileset_snow_densetreetops
                0x0800ed30                tileset_snow_densetrees
                0x0800ed38                tileset_snow_treetop
                0x0800ed40                tileset_snow_tree
                0x0800ed48                tileset_snow_ground
                0x0800ed50                collision_mapsnowfield
                0x0800fd50                mapentry_mapsnowfield
 .rodata        0x08013d50       0x88 UtilCommonValues.thumb.o
                0x08013d50                h_flipOnDirection
                0x08013d70                directions
                0x08013d78                MAXBITSHIFT
                0x08013d7c                dir_from_key
                0x08013d8c                ASYMMETRICDIR
                0x08013d90                SYMMETRICDIR
                0x08013d94                SCREENEDGEBOTTOM
                0x08013d98                SCREENEDGETOP
                0x08013d9c                SCREENEDGERIGHT
                0x08013da0                SCREENEDGELEFT
                0x08013da4                OBJONSCRYMAX
                0x08013da8                OBJONSCRXMAX
                0x08013dac                TILEHEIGHT
                0x08013db0                TILEWIDTH
                0x08013db4                QUARTERMAPBLOCK
                0x08013db8                HALFMAPBLOCK
                0x08013dbc                MAPBLOCKCHK
                0x08013dc0                MAPBLOCK
                0x08013dc4                TOLERANCE_MOVE
                0x08013dc8                TOLERANCE_TB
                0x08013dcc                TOLERANCE_LR
                0x08013dd0                GBASCREENHEIGHT
                0x08013dd4                GBASCREENWIDTH
 .rodata        0x08013dd8      0x800 UtilLzssDecompress.thumb.o
                0x08013dd8                addShift
                0x080141d8                addUncompressedLength
 .rodata        0x080145d8     0x1489 sound_crow.o
                0x080145d8                soundeffect_crow
                0x080145e4                sound_crow
 *fill*         0x08015a61        0x3 ff
 .rodata        0x08015a64     0x820e sound_ghost_moan2.o
                0x08015a64                soundeffect_ghost_moan4
                0x08015a70                sound_ghost_moan4
                0x08018bf8                soundeffect_ghost_moan3
                0x08018c04                sound_ghost_moan3
                0x0801bfe0                soundeffect_ghost_moan2
                0x0801bfec                sound_ghost_moan2
 *fill*         0x0801dc72        0x2 ff
 .rodata        0x0801dc74      0x943 sound_slash.o
                0x0801dc74                soundeffect_slash
                0x0801dc80                slash
 *fill*         0x0801e5b7        0x1 ff
 .rodata        0x0801e5b8      0x397 sound_window_hit.o
                0x0801e5b8                soundeffect_window_hit
                0x0801e5c4                sound_window_hit
 *fill*         0x0801e94f        0x1 ff
 .rodata        0x0801e950      0x1c4 sprite_alisa_dashbackwardwithsword_down.thumb.o
                0x0801e950                alisa_dashbackwardwithsword_down_image1
                0x0801ea24                alisa_dashbackwardwithsword_down_image0
                0x0801eaf4                alisa_dashbackwardwithsword_down_pal
 .rodata        0x0801eb14      0x29c sprite_alisa_dashbackwardwithsword_side.thumb.o
                0x0801eb14                alisa_dashbackwardwithsword_side_image2
                0x0801ebe0                alisa_dashbackwardwithsword_side_image1
                0x0801ecb8                alisa_dashbackwardwithsword_side_image0
                0x0801ed90                alisa_dashbackwardwithsword_side_pal
 .rodata        0x0801edb0      0x1cc sprite_alisa_dashbackwardwithsword_up.thumb.o
                0x0801edb0                alisa_dashbackwardwithsword_up_image1
                0x0801ee8c                alisa_dashbackwardwithsword_up_image0
                0x0801ef5c                alisa_dashbackwardwithsword_up_pal
 .rodata        0x0801ef7c      0x4f4 sprite_alisa_runwithsword_down.thumb.o
                0x0801ef7c                alisa_runwithsword_down_image5
                0x0801f044                alisa_runwithsword_down_image4
                0x0801f108                alisa_runwithsword_down_image3
                0x0801f1e4                alisa_runwithsword_down_image2
                0x0801f2b4                alisa_runwithsword_down_image1
                0x0801f37c                alisa_runwithsword_down_image0
                0x0801f450                alisa_runwithsword_down_pal
 .rodata        0x0801f470      0x550 sprite_alisa_runwithsword_side.thumb.o
                0x0801f470                alisa_runwithsword_side_image5
                0x0801f550                alisa_runwithsword_side_image4
                0x0801f634                alisa_runwithsword_side_image3
                0x0801f710                alisa_runwithsword_side_image2
                0x0801f7f4                alisa_runwithsword_side_image1
                0x0801f8d0                alisa_runwithsword_side_image0
                0x0801f9a0                alisa_runwithsword_side_pal
 .rodata        0x0801f9c0      0x4e0 sprite_alisa_runwithsword_up.thumb.o
                0x0801f9c0                alisa_runwithsword_up_image5
                0x0801fa80                alisa_runwithsword_up_image4
                0x0801fb4c                alisa_runwithsword_up_image3
                0x0801fc20                alisa_runwithsword_up_image2
                0x0801fce4                alisa_runwithsword_up_image1
                0x0801fdb0                alisa_runwithsword_up_image0
                0x0801fe80                alisa_runwithsword_up_pal
 .rodata        0x0801fea0      0x100 sprite_alisa_standwithsword_down.thumb.o
                0x0801fea0                alisa_standwithsword_down_image0
                0x0801ff80                alisa_standwithsword_down_pal
 .rodata        0x0801ffa0      0x104 sprite_alisa_standwithsword_side.thumb.o
                0x0801ffa0                alisa_standwithsword_side_image0
                0x08020084                alisa_standwithsword_side_pal
 .rodata        0x080200a4      0x1dc sprite_alisa_standwithsword_up.thumb.o
                0x080200a4                alisa_standwithsword_up_image1
                0x08020184                alisa_standwithsword_up_image0
                0x08020260                alisa_standwithsword_up_pal
 .rodata        0x08020280      0x1e4 sprite_alisa_stunnedwithsword_down.thumb.o
                0x08020280                alisa_stunnedwithsword_down_image1
                0x08020368                alisa_stunnedwithsword_down_image0
                0x08020444                alisa_stunnedwithsword_down_pal
 .rodata        0x08020464      0x1e8 sprite_alisa_stunnedwithsword_side.thumb.o
                0x08020464                alisa_stunnedwithsword_side_image1
                0x08020548                alisa_stunnedwithsword_side_image0
                0x0802062c                alisa_stunnedwithsword_side_pal
 .rodata        0x0802064c      0x1d0 sprite_alisa_stunnedwithsword_up.thumb.o
                0x0802064c                alisa_stunnedwithsword_up_image1
                0x08020728                alisa_stunnedwithsword_up_image0
                0x080207fc                alisa_stunnedwithsword_up_pal
 .rodata        0x0802081c      0x38c sprite_alisa_swordslash_down.thumb.o
                0x0802081c                alisa_swordslash_down_image3
                0x080208f4                alisa_swordslash_down_image2
                0x080209d0                alisa_swordslash_down_image1
                0x08020aac                alisa_swordslash_down_image0
                0x08020b88                alisa_swordslash_down_pal
 .rodata        0x08020ba8      0x380 sprite_alisa_swordslash_side.thumb.o
                0x08020ba8                alisa_swordslash_side_image3
                0x08020c74                alisa_swordslash_side_image2
                0x08020d4c                alisa_swordslash_side_image1
                0x08020e2c                alisa_swordslash_side_image0
                0x08020f08                alisa_swordslash_side_pal
 .rodata        0x08020f28      0x390 sprite_alisa_swordslash_up.thumb.o
                0x08020f28                alisa_swordslash_up_image3
                0x08021004                alisa_swordslash_up_image2
                0x080210e0                alisa_swordslash_up_image1
                0x080211bc                alisa_swordslash_up_image0
                0x08021298                alisa_swordslash_up_pal
 .rodata        0x080212b8       0xa8 sprite_crow.thumb.o
                0x080212b8                crow_image0
                0x08021340                crow_pal
 .rodata        0x08021360      0x120 sprite_ghostly_hand.thumb.o
                0x08021360                ghostly_hand_image3
                0x080213c0                ghostly_hand_image2
                0x08021404                ghostly_hand_image1
                0x08021448                ghostly_hand_image0
                0x08021460                ghostly_hand_pal
 .rodata        0x08021480      0x12c sprite_ghostlyman.thumb.o
                0x08021480                ghostlyman_image0
                0x0802158c                ghostlyman_pal
 .rodata        0x080215ac       0xa0 sprite_ghostlyman_lower_float.thumb.o
                0x080215ac                ghostlyman_lower_float_image0
                0x0802162c                ghostlyman_lower_float_pal
 .rodata        0x0802164c       0xe4 sprite_ghostlyman_upper_float.thumb.o
                0x0802164c                ghostlyman_upper_float_image0
                0x08021710                ghostlyman_upper_float_pal
 .rodata        0x08021730       0xfc sprite_sword_side.thumb.o
                0x08021730                sword_side_image3
                0x08021768                sword_side_image2
                0x080217a0                sword_side_image1
                0x080217d4                sword_side_image0
                0x0802180c                sword_side_pal
 .rodata        0x0802182c       0xf4 sprite_sword_vertical.thumb.o
                0x0802182c                sword_vertical_image2
                0x08021874                sword_vertical_image1
                0x080218b8                sword_vertical_image0
                0x08021900                sword_vertical_pal
 .rodata        0x08021920       0x68 sprite_werewolfarm_down.thumb.o
                0x08021920                werewolfarm_down_image0
                0x08021968                werewolfarm_down_pal
 .rodata        0x08021988       0x68 sprite_werewolfarm_side.thumb.o
                0x08021988                werewolfarm_side_image0
                0x080219d0                werewolfarm_side_pal
 .rodata        0x080219f0       0x68 sprite_werewolfarm_up.thumb.o
                0x080219f0                werewolfarm_up_image0
                0x08021a38                werewolfarm_up_pal
 .rodata        0x08021a58      0x180 sprite_werewolffeet_run_down.thumb.o
                0x08021a58                werewolffeet_run_down_image2
                0x08021ad0                werewolffeet_run_down_image1
                0x08021b50                werewolffeet_run_down_image0
                0x08021bb8                werewolffeet_run_down_pal
 .rodata        0x08021bd8      0x25c sprite_werewolffeet_run_side.thumb.o
                0x08021bd8                werewolffeet_run_side_image4
                0x08021c38                werewolffeet_run_side_image3
                0x08021cb0                werewolffeet_run_side_image2
                0x08021d24                werewolffeet_run_side_image1
                0x08021d94                werewolffeet_run_side_image0
                0x08021e14                werewolffeet_run_side_pal
 .rodata        0x08021e34      0x17c sprite_werewolffeet_run_up.thumb.o
                0x08021e34                werewolffeet_run_up_image2
                0x08021eac                werewolffeet_run_up_image1
                0x08021f2c                werewolffeet_run_up_image0
                0x08021f90                werewolffeet_run_up_pal
 .rodata        0x08021fb0       0x64 sprite_werewolftail_side.thumb.o
                0x08021fb0                werewolftail_side_image0
                0x08021ff4                werewolftail_side_pal
 .rodata        0x08022014      0x138 sprite_werewolfupperbody_run_down.thumb.o
                0x08022014                werewolfupperbody_run_down_image1
                0x080220a0                werewolfupperbody_run_down_image0
                0x0802212c                werewolfupperbody_run_down_pal
 .rodata        0x0802214c      0x188 sprite_werewolfupperbody_run_side.thumb.o
                0x0802214c                werewolfupperbody_run_side_image2
                0x080221c4                werewolfupperbody_run_side_image1
                0x0802223c                werewolfupperbody_run_side_image0
                0x080222b4                werewolfupperbody_run_side_pal
 .rodata        0x080222d4      0x1c0 sprite_werewolfupperbody_run_up.thumb.o
                0x080222d4                werewolfupperbody_run_up_image2
                0x0802235c                werewolfupperbody_run_up_image1
                0x080223e8                werewolfupperbody_run_up_image0
                0x08022474                werewolfupperbody_run_up_pal
 .rodata        0x08022494      0x4ec sprite_zombie_attack_down.thumb.o
                0x08022494                zombie_attack_down_image4
                0x08022580                zombie_attack_down_image3
                0x08022678                zombie_attack_down_image2
                0x08022770                zombie_attack_down_image1
                0x08022868                zombie_attack_down_image0
                0x08022960                zombie_attack_down_pal
 .rodata        0x08022980      0x474 sprite_zombie_attack_side.thumb.o
                0x08022980                zombie_attack_side_image4
                0x08022a6c                zombie_attack_side_image3
                0x08022b4c                zombie_attack_side_image2
                0x08022c18                zombie_attack_side_image1
                0x08022cf0                zombie_attack_side_image0
                0x08022dd4                zombie_attack_side_pal
 .rodata        0x08022df4      0x4dc sprite_zombie_attack_up.thumb.o
                0x08022df4                zombie_attack_up_image4
                0x08022ee0                zombie_attack_up_image3
                0x08022fd8                zombie_attack_up_image2
                0x080230c0                zombie_attack_up_image1
                0x080231b8                zombie_attack_up_image0
                0x080232b0                zombie_attack_up_pal
 .rodata        0x080232d0      0x10c sprite_zombie_stunned_down.thumb.o
                0x080232d0                zombie_stunned_down_image0
                0x080233bc                zombie_stunned_down_pal
 .rodata        0x080233dc       0xe8 sprite_zombie_stunned_side.thumb.o
                0x080233dc                zombie_stunned_side_image0
                0x080234a4                zombie_stunned_side_pal
 .rodata        0x080234c4      0x110 sprite_zombie_stunned_up.thumb.o
                0x080234c4                zombie_stunned_up_image0
                0x080235b4                zombie_stunned_up_pal
 .rodata        0x080235d4      0x408 sprite_zombie_walk_down.thumb.o
                0x080235d4                zombie_walk_down_image3
                0x080236d0                zombie_walk_down_image2
                0x080237d0                zombie_walk_down_image1
                0x080238c4                zombie_walk_down_image0
                0x080239bc                zombie_walk_down_pal
 .rodata        0x080239dc      0x3bc sprite_zombie_walk_side.thumb.o
                0x080239dc                zombie_walk_side_image3
                0x08023ac4                zombie_walk_side_image2
                0x08023ba8                zombie_walk_side_image1
                0x08023c8c                zombie_walk_side_image0
                0x08023d78                zombie_walk_side_pal
 .rodata        0x08023d98      0x3ec sprite_zombie_walk_up.thumb.o
                0x08023d98                zombie_walk_up_image3
                0x08023e84                zombie_walk_up_image2
                0x08023f80                zombie_walk_up_image1
                0x0802406c                zombie_walk_up_image0
                0x08024164                zombie_walk_up_pal
 .rodata        0x08024184       0x38 spriteset_alisa_dashbackwardwithsword_down.thumb.o
                0x08024184                alisa_dashbackwardwithsword_down
                0x0802418c                alisa_dashbackwardwithsword_down_layerSet
                0x0802419c                alisa_dashbackwardwithsword_down_layerSet1
                0x080241ac                alisa_dashbackwardwithsword_down_layerSet0
 .rodata        0x080241bc       0x38 spriteset_alisa_dashbackwardwithsword_left.thumb.o
                0x080241bc                alisa_dashbackwardwithsword_left
                0x080241c4                alisa_dashbackwardwithsword_left_layerSet
                0x080241d4                alisa_dashbackwardwithsword_left_layerSet1
                0x080241e4                alisa_dashbackwardwithsword_left_layerSet0
 .rodata        0x080241f4       0x38 spriteset_alisa_dashbackwardwithsword_right.thumb.o
                0x080241f4                alisa_dashbackwardwithsword_right
                0x080241fc                alisa_dashbackwardwithsword_right_layerSet
                0x0802420c                alisa_dashbackwardwithsword_right_layerSet1
                0x0802421c                alisa_dashbackwardwithsword_right_layerSet0
 .rodata        0x0802422c       0x38 spriteset_alisa_dashbackwardwithsword_up.thumb.o
                0x0802422c                alisa_dashbackwardwithsword_up
                0x08024234                alisa_dashbackwardwithsword_up_layerSet
                0x08024244                alisa_dashbackwardwithsword_up_layerSet1
                0x08024254                alisa_dashbackwardwithsword_up_layerSet0
 .rodata        0x08024264       0x68 spriteset_alisa_dashforwardwithsword_down.thumb.o
                0x08024264                alisa_dashforwardwithsword_down
                0x0802426c                alisa_dashforwardwithsword_down_layerSet
                0x0802428c                alisa_dashforwardwithsword_down_layerSet3
                0x0802429c                alisa_dashforwardwithsword_down_layerSet2
                0x080242ac                alisa_dashforwardwithsword_down_layerSet1
                0x080242bc                alisa_dashforwardwithsword_down_layerSet0
 .rodata        0x080242cc       0x68 spriteset_alisa_dashforwardwithsword_left.thumb.o
                0x080242cc                alisa_dashforwardwithsword_left
                0x080242d4                alisa_dashforwardwithsword_left_layerSet
                0x080242f4                alisa_dashforwardwithsword_left_layerSet3
                0x08024304                alisa_dashforwardwithsword_left_layerSet2
                0x08024314                alisa_dashforwardwithsword_left_layerSet1
                0x08024324                alisa_dashforwardwithsword_left_layerSet0
 .rodata        0x08024334       0x68 spriteset_alisa_dashforwardwithsword_right.thumb.o
                0x08024334                alisa_dashforwardwithsword_right
                0x0802433c                alisa_dashforwardwithsword_right_layerSet
                0x0802435c                alisa_dashforwardwithsword_right_layerSet3
                0x0802436c                alisa_dashforwardwithsword_right_layerSet2
                0x0802437c                alisa_dashforwardwithsword_right_layerSet1
                0x0802438c                alisa_dashforwardwithsword_right_layerSet0
 .rodata        0x0802439c       0x68 spriteset_alisa_dashforwardwithsword_up.thumb.o
                0x0802439c                alisa_dashforwardwithsword_up
                0x080243a4                alisa_dashforwardwithsword_up_layerSet
                0x080243c4                alisa_dashforwardwithsword_up_layerSet3
                0x080243d4                alisa_dashforwardwithsword_up_layerSet2
                0x080243e4                alisa_dashforwardwithsword_up_layerSet1
                0x080243f4                alisa_dashforwardwithsword_up_layerSet0
 .rodata        0x08024404       0x20 spriteset_alisa_preparedash_down.thumb.o
                0x08024404                alisa_preparedash_down
                0x0802440c                alisa_preparedash_down_layerSet
                0x08024414                alisa_preparedash_down_layerSet0
 .rodata        0x08024424       0x20 spriteset_alisa_preparedash_left.thumb.o
                0x08024424                alisa_preparedash_left
                0x0802442c                alisa_preparedash_left_layerSet
                0x08024434                alisa_preparedash_left_layerSet0
 .rodata        0x08024444       0x20 spriteset_alisa_preparedash_right.thumb.o
                0x08024444                alisa_preparedash_right
                0x0802444c                alisa_preparedash_right_layerSet
                0x08024454                alisa_preparedash_right_layerSet0
 .rodata        0x08024464       0x20 spriteset_alisa_preparedash_up.thumb.o
                0x08024464                alisa_preparedash_up
                0x0802446c                alisa_preparedash_up_layerSet
                0x08024474                alisa_preparedash_up_layerSet0
 .rodata        0x08024484       0x98 spriteset_alisa_runwithsword_down.thumb.o
                0x08024484                alisa_runwithsword_down
                0x0802448c                alisa_runwithsword_down_layerSet
                0x080244bc                alisa_runwithsword_down_layerSet5
                0x080244cc                alisa_runwithsword_down_layerSet4
                0x080244dc                alisa_runwithsword_down_layerSet3
                0x080244ec                alisa_runwithsword_down_layerSet2
                0x080244fc                alisa_runwithsword_down_layerSet1
                0x0802450c                alisa_runwithsword_down_layerSet0
 .rodata        0x0802451c       0x98 spriteset_alisa_runwithsword_left.thumb.o
                0x0802451c                alisa_runwithsword_left
                0x08024524                alisa_runwithsword_left_layerSet
                0x08024554                alisa_runwithsword_left_layerSet5
                0x08024564                alisa_runwithsword_left_layerSet4
                0x08024574                alisa_runwithsword_left_layerSet3
                0x08024584                alisa_runwithsword_left_layerSet2
                0x08024594                alisa_runwithsword_left_layerSet1
                0x080245a4                alisa_runwithsword_left_layerSet0
 .rodata        0x080245b4       0x98 spriteset_alisa_runwithsword_right.thumb.o
                0x080245b4                alisa_runwithsword_right
                0x080245bc                alisa_runwithsword_right_layerSet
                0x080245ec                alisa_runwithsword_right_layerSet5
                0x080245fc                alisa_runwithsword_right_layerSet4
                0x0802460c                alisa_runwithsword_right_layerSet3
                0x0802461c                alisa_runwithsword_right_layerSet2
                0x0802462c                alisa_runwithsword_right_layerSet1
                0x0802463c                alisa_runwithsword_right_layerSet0
 .rodata        0x0802464c       0x98 spriteset_alisa_runwithsword_up.thumb.o
                0x0802464c                alisa_runwithsword_up
                0x08024654                alisa_runwithsword_up_layerSet
                0x08024684                alisa_runwithsword_up_layerSet5
                0x08024694                alisa_runwithsword_up_layerSet4
                0x080246a4                alisa_runwithsword_up_layerSet3
                0x080246b4                alisa_runwithsword_up_layerSet2
                0x080246c4                alisa_runwithsword_up_layerSet1
                0x080246d4                alisa_runwithsword_up_layerSet0
 .rodata        0x080246e4       0x20 spriteset_alisa_standwithsword_down.thumb.o
                0x080246e4                alisa_standwithsword_down
                0x080246ec                alisa_standwithsword_down_layerSet
                0x080246f4                alisa_standwithsword_down_layerSet0
 .rodata        0x08024704       0x20 spriteset_alisa_standwithsword_left.thumb.o
                0x08024704                alisa_standwithsword_left
                0x0802470c                alisa_standwithsword_left_layerSet
                0x08024714                alisa_standwithsword_left_layerSet0
 .rodata        0x08024724       0x20 spriteset_alisa_standwithsword_right.thumb.o
                0x08024724                alisa_standwithsword_right
                0x0802472c                alisa_standwithsword_right_layerSet
                0x08024734                alisa_standwithsword_right_layerSet0
 .rodata        0x08024744       0x20 spriteset_alisa_standwithsword_up.thumb.o
                0x08024744                alisa_standwithsword_up
                0x0802474c                alisa_standwithsword_up_layerSet
                0x08024754                alisa_standwithsword_up_layerSet0
 .rodata        0x08024764       0x18 spriteset_alisa_stunnedwithsword_down.thumb.o
                0x08024764                alisa_stunnedwithsword_down
                0x0802476c                alisa_stunnedwithsword_down_layerSet
                0x08024774                alisa_stunnedwithsword_down_layerSet0
 .rodata        0x0802477c       0x18 spriteset_alisa_stunnedwithsword_left.thumb.o
                0x0802477c                alisa_stunnedwithsword_left
                0x08024784                alisa_stunnedwithsword_left_layerSet
                0x0802478c                alisa_stunnedwithsword_left_layerSet0
 .rodata        0x08024794       0x18 spriteset_alisa_stunnedwithsword_right.thumb.o
                0x08024794                alisa_stunnedwithsword_right
                0x0802479c                alisa_stunnedwithsword_right_layerSet
                0x080247a4                alisa_stunnedwithsword_right_layerSet0
 .rodata        0x080247ac       0x18 spriteset_alisa_stunnedwithsword_up.thumb.o
                0x080247ac                alisa_stunnedwithsword_up
                0x080247b4                alisa_stunnedwithsword_up_layerSet
                0x080247bc                alisa_stunnedwithsword_up_layerSet0
 .rodata        0x080247c4       0x68 spriteset_alisa_swordslash_down.thumb.o
                0x080247c4                alisa_swordslash_down
                0x080247cc                alisa_swordslash_down_layerSet
                0x080247ec                alisa_swordslash_down_layerSet3
                0x080247fc                alisa_swordslash_down_layerSet2
                0x0802480c                alisa_swordslash_down_layerSet1
                0x0802481c                alisa_swordslash_down_layerSet0
 .rodata        0x0802482c       0x68 spriteset_alisa_swordslash_left.thumb.o
                0x0802482c                alisa_swordslash_left
                0x08024834                alisa_swordslash_left_layerSet
                0x08024854                alisa_swordslash_left_layerSet3
                0x08024864                alisa_swordslash_left_layerSet2
                0x08024874                alisa_swordslash_left_layerSet1
                0x08024884                alisa_swordslash_left_layerSet0
 .rodata        0x08024894       0x68 spriteset_alisa_swordslash_right.thumb.o
                0x08024894                alisa_swordslash_right
                0x0802489c                alisa_swordslash_right_layerSet
                0x080248bc                alisa_swordslash_right_layerSet3
                0x080248cc                alisa_swordslash_right_layerSet2
                0x080248dc                alisa_swordslash_right_layerSet1
                0x080248ec                alisa_swordslash_right_layerSet0
 .rodata        0x080248fc       0x68 spriteset_alisa_swordslash_up.thumb.o
                0x080248fc                alisa_swordslash_up
                0x08024904                alisa_swordslash_up_layerSet
                0x08024924                alisa_swordslash_up_layerSet3
                0x08024934                alisa_swordslash_up_layerSet2
                0x08024944                alisa_swordslash_up_layerSet1
                0x08024954                alisa_swordslash_up_layerSet0
 .rodata        0x08024964       0x18 spriteset_crow.thumb.o
                0x08024964                crow_standing
                0x0802496c                crow_layerSet
                0x08024974                crow_layerSet0
 .rodata        0x0802497c       0x28 spriteset_ghosltyman.thumb.o
                0x0802497c                ghosltymantransition
                0x08024984                ghosltyman
                0x0802498c                ghosltymantransition_layerSet
                0x08024994                ghosltyman_layerSet
                0x0802499c                ghosltyman_layerSet0
 .rodata        0x080249a4       0x88 spriteset_ghosthand_appear.thumb.o
                0x080249a4                ghosthand_appear
                0x080249ac                ghosthand_appear_layerSet
                0x080249dc                ghosthand_appear_layerSet5
                0x080249e4                ghosthand_appear_layerSet4
                0x08024a04                ghosthand_appear_layerSet3
                0x08024a14                ghosthand_appear_layerSet2
                0x08024a1c                ghosthand_appear_layerSet1
                0x08024a24                ghosthand_appear_layerSet0
 .rodata        0x08024a2c       0x18 spriteset_ghosthand_hidden.thumb.o
                0x08024a2c                ghosthand_hidden
                0x08024a34                ghosthand_hidden_layerSet
                0x08024a3c                ghosthand_hidden_layerSet0
 .rodata        0x08024a44       0x20 spriteset_ghostlyman_floating.thumb.o
                0x08024a44                ghostlyman_floating
                0x08024a4c                ghostlyman_floating_layerSet
                0x08024a54                ghostlyman_floating_layerSet0
 .rodata        0x08024a64      0x148 spriteset_werewolf_run_down.thumb.o
                0x08024a64                werewolf_run_down
                0x08024a6c                werewolf_run_down_layerSet
                0x08024aac                werewolf_run_down_layerSet7
                0x08024acc                werewolf_run_down_layerSet6
                0x08024aec                werewolf_run_down_layerSet5
                0x08024b0c                werewolf_run_down_layerSet4
                0x08024b2c                werewolf_run_down_layerSet3
                0x08024b4c                werewolf_run_down_layerSet2
                0x08024b6c                werewolf_run_down_layerSet1
                0x08024b8c                werewolf_run_down_layerSet0
 .rodata        0x08024bac      0x148 spriteset_werewolf_run_left.thumb.o
                0x08024bac                werewolf_run_left
                0x08024bb4                werewolf_run_left_layerSet
                0x08024bf4                werewolf_run_left_layerSet7
                0x08024c14                werewolf_run_left_layerSet6
                0x08024c34                werewolf_run_left_layerSet5
                0x08024c54                werewolf_run_left_layerSet4
                0x08024c74                werewolf_run_left_layerSet3
                0x08024c94                werewolf_run_left_layerSet2
                0x08024cb4                werewolf_run_left_layerSet1
                0x08024cd4                werewolf_run_left_layerSet0
 .rodata        0x08024cf4      0x148 spriteset_werewolf_run_right.thumb.o
                0x08024cf4                werewolf_run_right
                0x08024cfc                werewolf_run_right_layerSet
                0x08024d3c                werewolf_run_right_layerSet7
                0x08024d5c                werewolf_run_right_layerSet6
                0x08024d7c                werewolf_run_right_layerSet5
                0x08024d9c                werewolf_run_right_layerSet4
                0x08024dbc                werewolf_run_right_layerSet3
                0x08024ddc                werewolf_run_right_layerSet2
                0x08024dfc                werewolf_run_right_layerSet1
                0x08024e1c                werewolf_run_right_layerSet0
 .rodata        0x08024e3c      0x148 spriteset_werewolf_run_up.thumb.o
                0x08024e3c                werewolf_run_up
                0x08024e44                werewolf_run_up_layerSet
                0x08024e84                werewolf_run_up_layerSet7
                0x08024ea4                werewolf_run_up_layerSet6
                0x08024ec4                werewolf_run_up_layerSet5
                0x08024ee4                werewolf_run_up_layerSet4
                0x08024f04                werewolf_run_up_layerSet3
                0x08024f24                werewolf_run_up_layerSet2
                0x08024f44                werewolf_run_up_layerSet1
                0x08024f64                werewolf_run_up_layerSet0
 .rodata        0x08024f84       0xa8 spriteset_werewolf_stand_down.thumb.o
                0x08024f84                werewolf_stand_down
                0x08024f8c                werewolf_stand_down_layerSet
                0x08024fac                werewolf_stand_down_layerSet3
                0x08024fcc                werewolf_stand_down_layerSet2
                0x08024fec                werewolf_stand_down_layerSet1
                0x0802500c                werewolf_stand_down_layerSet0
 .rodata        0x0802502c       0xa8 spriteset_werewolf_stand_left.thumb.o
                0x0802502c                werewolf_stand_left
                0x08025034                werewolf_stand_left_layerSet
                0x08025054                werewolf_stand_left_layerSet3
                0x08025074                werewolf_stand_left_layerSet2
                0x08025094                werewolf_stand_left_layerSet1
                0x080250b4                werewolf_stand_left_layerSet0
 .rodata        0x080250d4       0xa8 spriteset_werewolf_stand_right.thumb.o
                0x080250d4                werewolf_stand_right
                0x080250dc                werewolf_stand_right_layerSet
                0x080250fc                werewolf_stand_right_layerSet3
                0x0802511c                werewolf_stand_right_layerSet2
                0x0802513c                werewolf_stand_right_layerSet1
                0x0802515c                werewolf_stand_right_layerSet0
 .rodata        0x0802517c       0xa8 spriteset_werewolf_stand_up.thumb.o
                0x0802517c                werewolf_stand_up
                0x08025184                werewolf_stand_up_layerSet
                0x080251a4                werewolf_stand_up_layerSet3
                0x080251c4                werewolf_stand_up_layerSet2
                0x080251e4                werewolf_stand_up_layerSet1
                0x08025204                werewolf_stand_up_layerSet0
 .rodata        0x08025224       0x68 spriteset_zombie_attack_down.thumb.o
                0x08025224                zombie_attack_down
                0x0802522c                zombie_attack_down_layerSet
                0x0802525c                zombie_attack_down_layerSet5
                0x08025264                zombie_attack_down_layerSet4
                0x0802526c                zombie_attack_down_layerSet3
                0x08025274                zombie_attack_down_layerSet2
                0x0802527c                zombie_attack_down_layerSet1
                0x08025284                zombie_attack_down_layerSet0
 .rodata        0x0802528c       0x68 spriteset_zombie_attack_left.thumb.o
                0x0802528c                zombie_attack_left
                0x08025294                zombie_attack_left_layerSet
                0x080252c4                zombie_attack_left_layerSet5
                0x080252cc                zombie_attack_left_layerSet4
                0x080252d4                zombie_attack_left_layerSet3
                0x080252dc                zombie_attack_left_layerSet2
                0x080252e4                zombie_attack_left_layerSet1
                0x080252ec                zombie_attack_left_layerSet0
 .rodata        0x080252f4       0x68 spriteset_zombie_attack_right.thumb.o
                0x080252f4                zombie_attack_right
                0x080252fc                zombie_attack_right_layerSet
                0x0802532c                zombie_attack_right_layerSet5
                0x08025334                zombie_attack_right_layerSet4
                0x0802533c                zombie_attack_right_layerSet3
                0x08025344                zombie_attack_right_layerSet2
                0x0802534c                zombie_attack_right_layerSet1
                0x08025354                zombie_attack_right_layerSet0
 .rodata        0x0802535c       0x68 spriteset_zombie_attack_up.thumb.o
                0x0802535c                zombie_attack_up
                0x08025364                zombie_attack_up_layerSet
                0x08025394                zombie_attack_up_layerSet5
                0x0802539c                zombie_attack_up_layerSet4
                0x080253a4                zombie_attack_up_layerSet3
                0x080253ac                zombie_attack_up_layerSet2
                0x080253b4                zombie_attack_up_layerSet1
                0x080253bc                zombie_attack_up_layerSet0
 .rodata        0x080253c4       0x48 spriteset_zombie_chase_down.thumb.o
                0x080253c4                zombie_chase_down
                0x080253cc                zombie_chase_down_layerSet
                0x080253ec                zombie_chase_down_layerSet3
                0x080253f4                zombie_chase_down_layerSet2
                0x080253fc                zombie_chase_down_layerSet1
                0x08025404                zombie_chase_down_layerSet0
 .rodata        0x0802540c       0x48 spriteset_zombie_chase_left.thumb.o
                0x0802540c                zombie_chase_left
                0x08025414                zombie_chase_left_layerSet
                0x08025434                zombie_chase_left_layerSet3
                0x0802543c                zombie_chase_left_layerSet2
                0x08025444                zombie_chase_left_layerSet1
                0x0802544c                zombie_chase_left_layerSet0
 .rodata        0x08025454       0x48 spriteset_zombie_chase_right.thumb.o
                0x08025454                zombie_chase_right
                0x0802545c                zombie_chase_right_layerSet
                0x0802547c                zombie_chase_right_layerSet3
                0x08025484                zombie_chase_right_layerSet2
                0x0802548c                zombie_chase_right_layerSet1
                0x08025494                zombie_chase_right_layerSet0
 .rodata        0x0802549c       0x48 spriteset_zombie_chase_up.thumb.o
                0x0802549c                zombie_chase_up
                0x080254a4                zombie_chase_up_layerSet
                0x080254c4                zombie_chase_up_layerSet3
                0x080254cc                zombie_chase_up_layerSet2
                0x080254d4                zombie_chase_up_layerSet1
                0x080254dc                zombie_chase_up_layerSet0
 .rodata        0x080254e4       0x18 spriteset_zombie_stunned_down.thumb.o
                0x080254e4                zombie_stunned_down
                0x080254ec                zombie_stunned_down_layerSet
                0x080254f4                zombie_stunned_down_layerSet0
 .rodata        0x080254fc       0x18 spriteset_zombie_stunned_left.thumb.o
                0x080254fc                zombie_stunned_left
                0x08025504                zombie_stunned_left_layerSet
                0x0802550c                zombie_stunned_left_layerSet0
 .rodata        0x08025514       0x18 spriteset_zombie_stunned_right.thumb.o
                0x08025514                zombie_stunned_right
                0x0802551c                zombie_stunned_right_layerSet
                0x08025524                zombie_stunned_right_layerSet0
 .rodata        0x0802552c       0x18 spriteset_zombie_stunned_up.thumb.o
                0x0802552c                zombie_stunned_up
                0x08025534                zombie_stunned_up_layerSet
                0x0802553c                zombie_stunned_up_layerSet0
 .rodata        0x08025544       0x48 spriteset_zombie_walk_down.thumb.o
                0x08025544                zombie_walk_down
                0x0802554c                zombie_walk_down_layerSet
                0x0802556c                zombie_walk_down_layerSet3
                0x08025574                zombie_walk_down_layerSet2
                0x0802557c                zombie_walk_down_layerSet1
                0x08025584                zombie_walk_down_layerSet0
 .rodata        0x0802558c       0x48 spriteset_zombie_walk_left.thumb.o
                0x0802558c                zombie_walk_left
                0x08025594                zombie_walk_left_layerSet
                0x080255b4                zombie_walk_left_layerSet3
                0x080255bc                zombie_walk_left_layerSet2
                0x080255c4                zombie_walk_left_layerSet1
                0x080255cc                zombie_walk_left_layerSet0
 .rodata        0x080255d4       0x48 spriteset_zombie_walk_right.thumb.o
                0x080255d4                zombie_walk_right
                0x080255dc                zombie_walk_right_layerSet
                0x080255fc                zombie_walk_right_layerSet3
                0x08025604                zombie_walk_right_layerSet2
                0x0802560c                zombie_walk_right_layerSet1
                0x08025614                zombie_walk_right_layerSet0
 .rodata        0x0802561c       0x48 spriteset_zombie_walk_up.thumb.o
                0x0802561c                zombie_walk_up
                0x08025624                zombie_walk_up_layerSet
                0x08025644                zombie_walk_up_layerSet3
                0x0802564c                zombie_walk_up_layerSet2
                0x08025654                zombie_walk_up_layerSet1
                0x0802565c                zombie_walk_up_layerSet0
 .rodata        0x08025664      0x800 tile_mapforest.o
                0x08025664                tile_treetops
                0x08025864                tile_treestrunks
                0x08025a64                tile_trees
                0x08025d64                tile_thickgrass
                0x08025de4                pallette_treetops
                0x08025e04                pallette_treestrunks
                0x08025e24                pallette_trees
                0x08025e44                pallette_thickgrass
 .rodata        0x08025e64     0x1340 tile_mapsnowfield.o
                0x08025e64                tile_snow_treebarriertop2
                0x08026024                tile_snow_treebarrier2
                0x080261a4                tile_snow_treebarriertop
                0x08026364                tile_snow_treebarrier
                0x08026664                tile_snow_densetreetrunks
                0x080266e4                tile_snow_densetreetops
                0x080267e4                tile_snow_densetrees
                0x08026ae4                tile_snow_treetop
                0x08026d24                tile_snow_tree
                0x08026f24                tile_snow_ground
                0x08027124                pallette_snow_densetreetops
                0x08027144                pallette_snow_densetrees
                0x08027164                pallette_snow_tree
                0x08027184                pallette_snow_ground
 *all.rodata*(*)
 *(.roda)
 *(.rodata.*)
 .rodata.str1.4
                0x080271a4       0x15 CharacterAlisa.thumb.o
 *fill*         0x080271b9        0x3 ff
 .rodata.str1.4
                0x080271bc       0x31 CharacterAlisaController.thumb.o
 *fill*         0x080271ed        0x3 ff
 .rodata.str1.4
                0x080271f0        0xc CharacterCommon.thumb.o
                                  0xe (size before relaxing)
 .rodata.str1.4
                0x080271fc        0x8 CharacterWerewolfController.thumb.o
 .rodata.str1.4
                0x08027204        0xe CharacterZombieController.thumb.o
 *fill*         0x08027212        0x2 ff
 .rodata.str1.4
                0x08027214        0xb ManagerBG.thumb.o
 *fill*         0x0802721f        0x1 ff
 .rodata.str1.4
                0x08027220       0x28 ManagerCharacters.thumb.o
 *(.gnu.linkonce.r*)
                0x08027248                . = ALIGN (0x4)

.ARM.extab
 *(.ARM.extab* .gnu.linkonce.armextab.*)
                0x08027248                __exidx_start = .

.ARM.exidx
 *(.ARM.exidx* .gnu.linkonce.armexidx.*)
                0x08027248                __exidx_end = .

.ctors          0x08027248        0x0
 *crtbegin.o(.ctors)
 *(EXCLUDE_FILE(*crtend.o) .ctors)
 *(SORT(.ctors.*))
 *(.ctors)
                0x08027248                . = ALIGN (0x4)

.dtors          0x08027248        0x0
 *crtbegin.o(.dtors)
 *(EXCLUDE_FILE(*crtend.o) .dtors)
 *(SORT(.dtors.*))
 *(.dtors)
                0x08027248                . = ALIGN (0x4)

.eh_frame       0x08027248        0x4
 *(.eh_frame)
 .eh_frame      0x08027248        0x0 c:/devkitpro/devkitarm/bin/../lib/gcc/arm-none-eabi/7.1.0/crtbegin.o
 .eh_frame      0x08027248        0x4 c:/devkitpro/devkitarm/bin/../lib/gcc/arm-none-eabi/7.1.0/crtend.o
                0x0802724c                . = ALIGN (0x4)

.rel.dyn        0x0802724c        0x0
 .rel.iplt      0x0802724c        0x0 c:/devkitpro/devkitarm/bin/../lib/gcc/arm-none-eabi/7.1.0/../../../../arm-none-eabi/lib/gba_crt0.o

.gcc_except_table
                0x0802724c        0x0
 *(.gcc_except_table)
                0x0802724c                . = ALIGN (0x4)
                0x0802724c                __iwram_lma = .

.iwram          0x03000000        0x0 load address 0x0802724c
                0x03000000                __iwram_start__ = ABSOLUTE (.)
 *(.iwram)
 *iwram.*(.text)
                0x03000000                . = ALIGN (0x4)
                0x03000000                __iwram_end__ = ABSOLUTE (.)
                0x0802724c                __data_lma = (__iwram_lma + SIZEOF (.iwram))

.bss            0x03000000      0x9bc
                0x03000000                __bss_start = ABSOLUTE (.)
                0x03000000                __bss_start__ = ABSOLUTE (.)
 *(.dynbss)
 *(.gnu.linkonce.b*)
 *(.bss*)
 .bss.completed.6484
                0x03000000        0x1 c:/devkitpro/devkitarm/bin/../lib/gcc/arm-none-eabi/7.1.0/crtbegin.o
 *fill*         0x03000001        0x3 
 .bss.object.6489
                0x03000004       0x18 c:/devkitpro/devkitarm/bin/../lib/gcc/arm-none-eabi/7.1.0/crtbegin.o
 .bss           0x0300001c        0x4 ManagerCharacters.thumb.o
                0x0300001c                mchar_vreference
 .bss           0x03000020        0x4 ManagerOAM.thumb.o
                0x03000020                moam_vreference
 .bss           0x03000024        0xc ManagerPrinter.thumb.o
                0x03000024                mprinter_lineNumber
                0x03000028                mprinter_lineIndex
                0x0300002c                delay
 .bss           0x03000030        0x4 ManagerScrDisplay.thumb.o
                0x03000030                mscr_vscrRef
 .bss           0x03000034        0xc ManagerVram.thumb.o
                0x03000034                sprite_memory_bank
                0x03000038                palette_memory_bank
                0x0300003c                BG_memory_bank
 .bss           0x03000040        0x8 MapCommon.thumb.o
                0x03000040                current
                0x03000044                blendVal
 .bss.__malloc_current_mallinfo
                0x03000048       0x28 c:/devkitpro/devkitarm/bin/../lib/gcc/arm-none-eabi/7.1.0/../../../../arm-none-eabi/lib\libg.a(lib_a-mallocr.o)
                0x03000048                __malloc_current_mallinfo
 .bss.__malloc_max_sbrked_mem
                0x03000070        0x4 c:/devkitpro/devkitarm/bin/../lib/gcc/arm-none-eabi/7.1.0/../../../../arm-none-eabi/lib\libg.a(lib_a-mallocr.o)
                0x03000070                __malloc_max_sbrked_mem
 .bss.__malloc_max_total_mem
                0x03000074        0x4 c:/devkitpro/devkitarm/bin/../lib/gcc/arm-none-eabi/7.1.0/../../../../arm-none-eabi/lib\libg.a(lib_a-mallocr.o)
                0x03000074                __malloc_max_total_mem
 .bss.__malloc_top_pad
                0x03000078        0x4 c:/devkitpro/devkitarm/bin/../lib/gcc/arm-none-eabi/7.1.0/../../../../arm-none-eabi/lib\libg.a(lib_a-mallocr.o)
                0x03000078                __malloc_top_pad
 .bss.heap_start.5814
                0x0300007c        0x4 c:/devkitpro/devkitarm/bin/../lib/gcc/arm-none-eabi/7.1.0/../../../../arm-none-eabi/lib\libsysbase.a(sbrk.o)
 .bss.fake_heap_end
                0x03000080        0x4 c:/devkitpro/devkitarm/bin/../lib/gcc/arm-none-eabi/7.1.0/../../../../arm-none-eabi/lib\libsysbase.a(malloc_vars.o)
                0x03000080                fake_heap_end
 .bss.fake_heap_start
                0x03000084        0x4 c:/devkitpro/devkitarm/bin/../lib/gcc/arm-none-eabi/7.1.0/../../../../arm-none-eabi/lib\libsysbase.a(malloc_vars.o)
                0x03000084                fake_heap_start
 .bss.__syscalls
                0x03000088       0x38 c:/devkitpro/devkitarm/bin/../lib/gcc/arm-none-eabi/7.1.0/../../../../arm-none-eabi/lib\libsysbase.a(syscall_support.o)
                0x03000088                __syscalls
 *(COMMON)
 COMMON         0x030000c0      0x800 ManagerPrinter.thumb.o
                0x030000c0                mprinter_textEntry
 COMMON         0x030008c0       0x84 ManagerSound.thumb.o
                0x030008c0                soundChannels
                0x03000938                soundBuffer
 COMMON         0x03000944       0x78 ManagerVram.thumb.o
                0x03000944                paletteIdCollection
                0x03000980                idCollection
                0x030009bc                . = ALIGN (0x4)
                0x030009bc                __bss_end__ = ABSOLUTE (.)

.data           0x030009bc      0xaac load address 0x0802724c
                0x030009bc                __data_start__ = ABSOLUTE (.)
 *(.data)
 .data          0x030009bc        0x4 CharacterCrow.thumb.o
                0x030009bc                crow_actions
 .data          0x030009c0        0xc CharacterWerewolf.thumb.o
                0x030009c0                werewolf_actions
 .data          0x030009cc       0x10 CharacterZombie.thumb.o
                0x030009cc                zombie_actions
 .data          0x030009dc       0x28 MapForest.o
                0x030009dc                mapentryset_mapforest
                0x030009e4                pallette_mapforest
                0x030009f4                tileset_mapforest
 .data          0x03000a04       0x40 MapSnowField.o
                0x03000a04                mapentryset_mapsnowfield
                0x03000a0c                pallette_mapsnowfield
                0x03000a1c                tileset_mapsnowfield
 .data          0x03000a44       0xe0 SpriteSetAlisa.thumb.o
                0x03000a44                alisaDashBackwardWithSwordSet
                0x03000a64                alisaPrepareDashSet
                0x03000a84                alisaDashForwardSet
                0x03000aa4                alisaStunnedSet
                0x03000ac4                alisaSlashSet
                0x03000ae4                alisaRunSet
                0x03000b04                alisaStandWithSwordSet
 .data          0x03000b24       0x40 SpriteSetWerewolf.thumb.o
                0x03000b24                werewolfStand
                0x03000b44                werewolfRun
 .data          0x03000b64       0x80 SpriteSetZombie.thumb.o
                0x03000b64                zombieStunned
                0x03000b84                zombieChase
                0x03000ba4                zombieAttack
                0x03000bc4                zombieWalk
 *(.data.*)
 .data.__malloc_av_
                0x03000be4      0x408 c:/devkitpro/devkitarm/bin/../lib/gcc/arm-none-eabi/7.1.0/../../../../arm-none-eabi/lib\libg.a(lib_a-mallocr.o)
                0x03000be4                __malloc_av_
 .data.__malloc_sbrk_base
                0x03000fec        0x4 c:/devkitpro/devkitarm/bin/../lib/gcc/arm-none-eabi/7.1.0/../../../../arm-none-eabi/lib\libg.a(lib_a-mallocr.o)
                0x03000fec                __malloc_sbrk_base
 .data.__malloc_trim_threshold
                0x03000ff0        0x4 c:/devkitpro/devkitarm/bin/../lib/gcc/arm-none-eabi/7.1.0/../../../../arm-none-eabi/lib\libg.a(lib_a-mallocr.o)
                0x03000ff0                __malloc_trim_threshold
 .data.__malloc_lock_object
                0x03000ff4        0xc c:/devkitpro/devkitarm/bin/../lib/gcc/arm-none-eabi/7.1.0/../../../../arm-none-eabi/lib\libg.a(lib_a-mlock.o)
 .data._impure_ptr
                0x03001000        0x4 c:/devkitpro/devkitarm/bin/../lib/gcc/arm-none-eabi/7.1.0/../../../../arm-none-eabi/lib\libg.a(lib_a-impure.o)
                0x03001000                _impure_ptr
 *fill*         0x03001004        0x4 ff
 .data.impure_data
                0x03001008      0x460 c:/devkitpro/devkitarm/bin/../lib/gcc/arm-none-eabi/7.1.0/../../../../arm-none-eabi/lib\libg.a(lib_a-impure.o)
 *(.gnu.linkonce.d*)
                0x03001468                . = ALIGN (0x4)
                0x08027cf8                __preinit_lma = (__data_lma + SIZEOF (.data))

.igot.plt       0x03001468        0x0 load address 0x08027cf8
 .igot.plt      0x03001468        0x0 c:/devkitpro/devkitarm/bin/../lib/gcc/arm-none-eabi/7.1.0/../../../../arm-none-eabi/lib/gba_crt0.o

.tm_clone_table
                0x03001468        0x0 load address 0x08027cf8
 .tm_clone_table
                0x03001468        0x0 c:/devkitpro/devkitarm/bin/../lib/gcc/arm-none-eabi/7.1.0/crtbegin.o
 .tm_clone_table
                0x03001468        0x0 c:/devkitpro/devkitarm/bin/../lib/gcc/arm-none-eabi/7.1.0/crtend.o

.preinit_array  0x03001468        0x0 load address 0x08027cf8
                0x03001468                __preinit_array_start = ABSOLUTE (.)
 *(.preinit_array)
                0x03001468                __preinit_array_end = ABSOLUTE (.)
                0x08027cf8                __init_lma = (__preinit_lma + SIZEOF (.preinit_array))

.init_array     0x03001468        0x4 load address 0x08027cf8
                0x03001468                __init_array_start = ABSOLUTE (.)
 *(SORT(.init_array.*))
 *(.init_array)
 .init_array    0x03001468        0x4 c:/devkitpro/devkitarm/bin/../lib/gcc/arm-none-eabi/7.1.0/crtbegin.o
                0x0300146c                __init_array_end = ABSOLUTE (.)
                0x08027cfc                __fini_lma = (__init_lma + SIZEOF (.init_array))

.fini_array     0x0300146c        0x4 load address 0x08027cfc
                0x0300146c                __fini_array_start = ABSOLUTE (.)
 *(SORT(.fini_array.*))
 *(.fini_array)
 .fini_array    0x0300146c        0x4 c:/devkitpro/devkitarm/bin/../lib/gcc/arm-none-eabi/7.1.0/crtbegin.o
                0x03001470                __fini_array_end = ABSOLUTE (.)
                0x08027d00                __jcr_lma = (__fini_lma + SIZEOF (.fini_array))

.jcr            0x03001470        0x0 load address 0x08027d00
 *(.jcr)
                0x03001470                __data_end__ = ABSOLUTE (.)
                0x08027d00                __iwram_overlay_lma = (__jcr_lma + SIZEOF (.jcr))
                0x03001470                __iwram_overlay_start = .

.iwram0         0x03001470        0x0 load address 0x08027d00
 *(.iwram0)
                0x03001470                . = ALIGN (0x4)
                0x08027d00                PROVIDE (__load_start_iwram0, LOADADDR (.iwram0))
                0x08027d00                PROVIDE (__load_stop_iwram0, (LOADADDR (.iwram0) + SIZEOF (.iwram0)))

.iwram1         0x03001470        0x0
 *(.iwram1)
                0x03001470                . = ALIGN (0x4)
                [!provide]                PROVIDE (__load_start_iwram1, LOADADDR (.iwram1))
                [!provide]                PROVIDE (__load_stop_iwram1, (LOADADDR (.iwram1) + SIZEOF (.iwram1)))

.iwram2         0x03001470        0x0
 *(.iwram2)
                0x03001470                . = ALIGN (0x4)
                [!provide]                PROVIDE (__load_start_iwram2, LOADADDR (.iwram2))
                [!provide]                PROVIDE (__load_stop_iwram2, (LOADADDR (.iwram2) + SIZEOF (.iwram2)))

.iwram3         0x03001470        0x0
 *(.iwram3)
                0x03001470                . = ALIGN (0x4)
                [!provide]                PROVIDE (__load_start_iwram3, LOADADDR (.iwram3))
                [!provide]                PROVIDE (__load_stop_iwram3, (LOADADDR (.iwram3) + SIZEOF (.iwram3)))

.iwram4         0x03001470        0x0
 *(.iwram4)
                0x03001470                . = ALIGN (0x4)
                [!provide]                PROVIDE (__load_start_iwram4, LOADADDR (.iwram4))
                [!provide]                PROVIDE (__load_stop_iwram4, (LOADADDR (.iwram4) + SIZEOF (.iwram4)))

.iwram5         0x03001470        0x0
 *(.iwram5)
                0x03001470                . = ALIGN (0x4)
                [!provide]                PROVIDE (__load_start_iwram5, LOADADDR (.iwram5))
                [!provide]                PROVIDE (__load_stop_iwram5, (LOADADDR (.iwram5) + SIZEOF (.iwram5)))

.iwram6         0x03001470        0x0
 *(.iwram6)
                0x03001470                . = ALIGN (0x4)
                [!provide]                PROVIDE (__load_start_iwram6, LOADADDR (.iwram6))
                [!provide]                PROVIDE (__load_stop_iwram6, (LOADADDR (.iwram6) + SIZEOF (.iwram6)))

.iwram7         0x03001470        0x0
 *(.iwram7)
                0x03001470                . = ALIGN (0x4)
                [!provide]                PROVIDE (__load_start_iwram7, LOADADDR (.iwram7))
                [!provide]                PROVIDE (__load_stop_iwram7, (LOADADDR (.iwram7) + SIZEOF (.iwram7)))

.iwram8         0x03001470        0x0
 *(.iwram8)
                0x03001470                . = ALIGN (0x4)
                [!provide]                PROVIDE (__load_start_iwram8, LOADADDR (.iwram8))
                [!provide]                PROVIDE (__load_stop_iwram8, (LOADADDR (.iwram8) + SIZEOF (.iwram8)))

.iwram9         0x03001470        0x0
 *(.iwram9)
                0x03001470                . = ALIGN (0x4)
                [!provide]                PROVIDE (__load_start_iwram9, LOADADDR (.iwram9))
                [!provide]                PROVIDE (__load_stop_iwram9, (LOADADDR (.iwram9) + SIZEOF (.iwram9)))
                0x03001470                __iwram_overlay_end = .
                0x08027d00                __ewram_lma = (__iwram_overlay_lma + (__iwram_overlay_end - __iwram_overlay_start))
                0x03001470                __iheap_start = .
                0x02000000                __ewram_start = ORIGIN (ewram)

.ewram          0x02000000        0x0 load address 0x08027d00
 *(.ewram)
                0x02000000                . = ALIGN (0x4)
                0x02000000                __ewram_end = ABSOLUTE (.)
                0x08027d00                __pad_lma = (__ewram_lma + SIZEOF (.ewram))

.sbss           0x02000000        0x0
                0x02000000                __sbss_start__ = ABSOLUTE (.)
 *(.sbss)
                0x02000000                . = ALIGN (0x4)
                0x02000000                __sbss_end__ = ABSOLUTE (.)
                0x02000000                __end__ = ABSOLUTE (.)
                0x02000000                __eheap_start = ABSOLUTE (.)

.pad            0x02000000        0x8 load address 0x08027d00
                0x02000000        0x4 LONG 0x52416b64
                0x02000004        0x4 LONG 0x4d
                0x02000008                . = ALIGN (0x4)
                0x08027d08                __rom_end__ = (__pad_lma + SIZEOF (.pad))

.stab
 *(.stab)

.stabstr
 *(.stabstr)

.stab.excl
 *(.stab.excl)

.stab.exclstr
 *(.stab.exclstr)

.stab.index
 *(.stab.index)

.stab.indexstr
 *(.stab.indexstr)

.comment        0x00000000       0x22
 *(.comment)
 .comment       0x00000000       0x22 c:/devkitpro/devkitarm/bin/../lib/gcc/arm-none-eabi/7.1.0/crtbegin.o
                                 0x23 (size before relaxing)
 .comment       0x00000022       0x23 ActionRpg.thumb.o
 .comment       0x00000022       0x23 CharacterAlisa.thumb.o
 .comment       0x00000022       0x23 CharacterAlisaController.thumb.o
 .comment       0x00000022       0x23 CharacterCommon.thumb.o
 .comment       0x00000022       0x23 CharacterCrow.thumb.o
 .comment       0x00000022       0x23 CharacterCrowController.thumb.o
 .comment       0x00000022       0x23 CharacterGhostMan.thumb.o
 .comment       0x00000022       0x23 CharacterGhostlyHand.thumb.o
 .comment       0x00000022       0x23 CharacterGhostlyHandController.thumb.o
 .comment       0x00000022       0x23 CharacterGhostmanController.thumb.o
 .comment       0x00000022       0x23 CharacterNameless.thumb.o
 .comment       0x00000022       0x23 CharacterNamelessController.thumb.o
 .comment       0x00000022       0x23 CharacterType.thumb.o
 .comment       0x00000022       0x23 CharacterWerewolf.thumb.o
 .comment       0x00000022       0x23 CharacterWerewolfController.thumb.o
 .comment       0x00000022       0x23 CharacterZombie.thumb.o
 .comment       0x00000022       0x23 CharacterZombieController.thumb.o
 .comment       0x00000022       0x23 GBATimer.thumb.o
 .comment       0x00000022       0x23 ManagerBG.thumb.o
 .comment       0x00000022       0x23 ManagerCharacters.thumb.o
 .comment       0x00000022       0x23 ManagerCharactersActionEvents.thumb.o
 .comment       0x00000022       0x23 ManagerCollision.thumb.o
 .comment       0x00000022       0x23 ManagerEvents.thumb.o
 .comment       0x00000022       0x23 ManagerGame.thumb.o
 .comment       0x00000022       0x23 ManagerImageCopy.thumb.o
 .comment       0x00000022       0x23 ManagerOAM.thumb.o
 .comment       0x00000022       0x23 ManagerPrinter.thumb.o
 .comment       0x00000022       0x23 ManagerScrDisplay.thumb.o
 .comment       0x00000022       0x23 ManagerSound.thumb.o
 .comment       0x00000022       0x23 ManagerVram.thumb.o
 .comment       0x00000022       0x23 ManagerWindow.thumb.o
 .comment       0x00000022       0x23 MapCommon.thumb.o
 .comment       0x00000022       0x23 MapForest.o
 .comment       0x00000022       0x23 MapGraveyard.thumb.o
 .comment       0x00000022       0x23 MapSnowField.o
 .comment       0x00000022       0x23 MapTest.thumb.o
 .comment       0x00000022       0x23 SpritePlayer.thumb.o
 .comment       0x00000022       0x23 SpriteSetAlisa.thumb.o
 .comment       0x00000022       0x23 SpriteSetGhostMan.thumb.o
 .comment       0x00000022       0x23 SpriteSetWerewolf.thumb.o
 .comment       0x00000022       0x23 SpriteSetZombie.thumb.o
 .comment       0x00000022       0x23 UpdateGameStatus.arm.o
 .comment       0x00000022       0x23 UtilCommonValues.thumb.o
 .comment       0x00000022       0x23 UtilLzssDecompress.thumb.o
 .comment       0x00000022       0x23 genericBG.thumb.o
 .comment       0x00000022       0x23 genericBG2.thumb.o
 .comment       0x00000022       0x23 map_night_street.o
 .comment       0x00000022       0x23 map_nobinobi_cabin.o
 .comment       0x00000022       0x23 sampleMusic.thumb.o
 .comment       0x00000022       0x23 sound_crow.o
 .comment       0x00000022       0x23 sound_ghost_moan.o
 .comment       0x00000022       0x23 sound_ghost_moan2.o