Archive member included to satisfy reference by file (symbol)

c:/devkitpro/devkitarm/bin/../lib/gcc/arm-none-eabi/7.1.0\libgcc.a(_divsi3.o)
                              ManagerPrinter.thumb.o (__aeabi_idiv)
c:/devkitpro/devkitarm/bin/../lib/gcc/arm-none-eabi/7.1.0\libgcc.a(_dvmd_tls.o)
                              c:/devkitpro/devkitarm/bin/../lib/gcc/arm-none-eabi/7.1.0\libgcc.a(_divsi3.o) (__aeabi_idiv0)
c:/devkitpro/devkitarm/bin/../lib/gcc/arm-none-eabi/7.1.0/../../../../arm-none-eabi/lib\libg.a(lib_a-init.o)
                              c:/devkitpro/devkitarm/bin/../lib/gcc/arm-none-eabi/7.1.0/../../../../arm-none-eabi/lib/gba_crt0.o (__libc_init_array)
c:/devkitpro/devkitarm/bin/../lib/gcc/arm-none-eabi/7.1.0/../../../../arm-none-eabi/lib\libg.a(lib_a-malloc.o)
                              ActionRpg.thumb.o (malloc)
c:/devkitpro/devkitarm/bin/../lib/gcc/arm-none-eabi/7.1.0/../../../../arm-none-eabi/lib\libg.a(lib_a-mallocr.o)
                              c:/devkitpro/devkitarm/bin/../lib/gcc/arm-none-eabi/7.1.0/../../../../arm-none-eabi/lib\libg.a(lib_a-malloc.o) (_malloc_r)
c:/devkitpro/devkitarm/bin/../lib/gcc/arm-none-eabi/7.1.0/../../../../arm-none-eabi/lib\libg.a(lib_a-memcpy-stub.o)
                              ManagerScrDisplay.thumb.o (memcpy)
c:/devkitpro/devkitarm/bin/../lib/gcc/arm-none-eabi/7.1.0/../../../../arm-none-eabi/lib\libg.a(lib_a-memset.o)
                              ManagerCharactersActionEvents.thumb.o (memset)
c:/devkitpro/devkitarm/bin/../lib/gcc/arm-none-eabi/7.1.0/../../../../arm-none-eabi/lib\libg.a(lib_a-mlock.o)
                              c:/devkitpro/devkitarm/bin/../lib/gcc/arm-none-eabi/7.1.0/../../../../arm-none-eabi/lib\libg.a(lib_a-mallocr.o) (__malloc_lock)
c:/devkitpro/devkitarm/bin/../lib/gcc/arm-none-eabi/7.1.0/../../../../arm-none-eabi/lib\libg.a(lib_a-rand.o)
                              CharacterWerewolfController.thumb.o (rand)
c:/devkitpro/devkitarm/bin/../lib/gcc/arm-none-eabi/7.1.0/../../../../arm-none-eabi/lib\libg.a(lib_a-strncpy.o)
                              ManagerPrinter.thumb.o (strncpy)
c:/devkitpro/devkitarm/bin/../lib/gcc/arm-none-eabi/7.1.0/../../../../arm-none-eabi/lib\libg.a(lib_a-freer.o)
                              c:/devkitpro/devkitarm/bin/../lib/gcc/arm-none-eabi/7.1.0/../../../../arm-none-eabi/lib\libg.a(lib_a-malloc.o) (_free_r)
c:/devkitpro/devkitarm/bin/../lib/gcc/arm-none-eabi/7.1.0/../../../../arm-none-eabi/lib\libsysbase.a(sbrk.o)
                              c:/devkitpro/devkitarm/bin/../lib/gcc/arm-none-eabi/7.1.0/../../../../arm-none-eabi/lib\libg.a(lib_a-mallocr.o) (_sbrk_r)
c:/devkitpro/devkitarm/bin/../lib/gcc/arm-none-eabi/7.1.0/../../../../arm-none-eabi/lib\libsysbase.a(malloc_vars.o)
                              c:/devkitpro/devkitarm/bin/../lib/gcc/arm-none-eabi/7.1.0/../../../../arm-none-eabi/lib\libsysbase.a(sbrk.o) (fake_heap_start)
c:/devkitpro/devkitarm/bin/../lib/gcc/arm-none-eabi/7.1.0/../../../../arm-none-eabi/lib\libsysbase.a(syscall_support.o)
                              c:/devkitpro/devkitarm/bin/../lib/gcc/arm-none-eabi/7.1.0/../../../../arm-none-eabi/lib\libg.a(lib_a-mlock.o) (__libc_lock_acquire_recursive)
c:/devkitpro/devkitarm/bin/../lib/gcc/arm-none-eabi/7.1.0/../../../../arm-none-eabi/lib\libsysbase.a(getreent.o)
                              c:/devkitpro/devkitarm/bin/../lib/gcc/arm-none-eabi/7.1.0/../../../../arm-none-eabi/lib\libg.a(lib_a-malloc.o) (__getreent)
c:/devkitpro/devkitarm/bin/../lib/gcc/arm-none-eabi/7.1.0/../../../../arm-none-eabi/lib\libg.a(lib_a-impure.o)
                              c:/devkitpro/devkitarm/bin/../lib/gcc/arm-none-eabi/7.1.0/../../../../arm-none-eabi/lib\libsysbase.a(getreent.o) (_impure_ptr)

Allocating common symbols
Common symbol       size              file

soundChannels       0x78              ManagerSound.thumb.o
soundBuffer         0xc               ManagerSound.thumb.o
mprinter_textEntry  0x800             ManagerPrinter.thumb.o
listCopyImg         0x3c              ManagerImageCopy.thumb.o
paletteIdCollection
                    0x3c              ManagerVram.thumb.o
idCollection        0x3c              ManagerVram.thumb.o

Discarded input sections

 .text          0x00000000        0x0 c:/devkitpro/devkitarm/bin/../lib/gcc/arm-none-eabi/7.1.0/../../../../arm-none-eabi/lib/gba_crt0.o
 .data          0x00000000        0x0 c:/devkitpro/devkitarm/bin/../lib/gcc/arm-none-eabi/7.1.0/../../../../arm-none-eabi/lib/gba_crt0.o
 .bss           0x00000000        0x0 c:/devkitpro/devkitarm/bin/../lib/gcc/arm-none-eabi/7.1.0/../../../../arm-none-eabi/lib/gba_crt0.o
 .text          0x00000000        0x0 c:/devkitpro/devkitarm/bin/../lib/gcc/arm-none-eabi/7.1.0/crti.o
 .data          0x00000000        0x0 c:/devkitpro/devkitarm/bin/../lib/gcc/arm-none-eabi/7.1.0/crti.o
 .bss           0x00000000        0x0 c:/devkitpro/devkitarm/bin/../lib/gcc/arm-none-eabi/7.1.0/crti.o
[...]
Memory Configuration

Name             Origin             Length             Attributes
rom              0x08000000         0x02000000
iwram            0x03000000         0x00008000
ewram            0x02000000         0x00040000
*default*        0x00000000         0xffffffff

Linker script and memory map

                0x08000000                __text_start = ORIGIN (rom)
                0x02040000                __eheap_end = (ORIGIN (ewram) + LENGTH (ewram))
                0x03000000                __iwram_start = ORIGIN (iwram)
                0x03008000                __iwram_top = (ORIGIN (iwram) + LENGTH (iwram))
                0x03007fa0                __sp_irq = (__iwram_top - 0x60)
                0x03007f00                __sp_usr = (__sp_irq - 0xa0)
                0x03007ff8                __irq_flags = 0x3007ff8
                0x08000000                . = __text_start

.crt0           0x08000000      0x210
 *(.crt0)
 .crt0          0x08000000      0x210 c:/devkitpro/devkitarm/bin/../lib/gcc/arm-none-eabi/7.1.0/../../../../arm-none-eabi/lib/gba_crt0.o
                0x08000000                _start
                0x080000c4                __boot_method
                0x080000c5                __slave_number
                0x080000e0                start_vector
                0x08000210                . = ALIGN (0x4)

.init           0x08000210       0x18
 *(SORT(.init))
 .init          0x08000210        0xc c:/devkitpro/devkitarm/bin/../lib/gcc/arm-none-eabi/7.1.0/crti.o
                0x08000210                _init
 .init          0x0800021c        0xc c:/devkitpro/devkitarm/bin/../lib/gcc/arm-none-eabi/7.1.0/crtn.o

.plt            0x08000228        0x0
 *(.plt)
                0x08000228                . = ALIGN (0x4)

.text           0x08000228     0x9de0
 *(EXCLUDE_FILE(*.iwram*) .text)
 .text          0x08000228       0xac ActionRpg.thumb.o
                0x08000228                gameloop
 .text          0x080002d4      0x798 CharacterAlisa.thumb.o
                0x080002d4                alisa_getBoundingBoxStanding
                0x08000310                alisa_doAction
                0x08000340                alisa_setPosition
                0x08000394                alisa_actionStand
                0x080003f8                alisa_actionRun
                0x080004b4                alisa_actionDashForward
                0x08000584                alisa_actionDashBackward
                0x08000650                alisa_actionStunned
                0x080006a8                alisa_actionSlash
                0x08000764                alisa_actionPrepareDash
                0x080007d0                alisa_checkMapCollision
                0x08000804                alisa_checkCollision
                0x08000868                alisa_checkActionEventCollision
                0x08000910                alisa_init
                0x08000a28                alisa_getBoundingBoxMoving
 .text          0x08000a6c      0x958 CharacterAlisaController.thumb.o
                0x08000a6c                alisa_stunnedController
                0x08000ab8                alisa_dashForwardController
                0x08000b3c                alisa_controller
                0x08000cdc                alisa_slashController
                0x08000e20                alisa_dashBackwardController
                0x08001068                controlButtonCheck
                0x08001134                controlButtonHold
                0x080011a0                alisa_setCharacter
                0x080011ac                alisa_prepareDashController
 .text          0x080013c4     0x323c CharacterCommon.thumb.o
                0x080013c4                commonDummy
                0x080013c8                common_noMovement
                0x080013cc                commonMovingUpMapCollision
                0x080014d0                commonMovingDownMapCollision
                0x080015d0                commonMovingRightMapCollision
                0x080016d0                commonMovingLeftMapCollision
                0x080017d4                commonMovingRightUpMapCollision
                0x080018e0                commonMovingLeftDownMapCollision
                0x080019ec                commonMovingRightDownMapCollision
                0x08001af8                commonMovingLeftUpMapCollision
                0x08001c04                commonDoCharacterEvent
                0x08001c7c                common_mapMovingDown
                0x08001e10                common_mapMovingUp
                0x08001fb0                common_mapMovingLeft
                0x08002120                common_mapMovingRight
                0x080022a0                common_movingDown
                0x08002434                common_movingRight
                0x080025d0                common_movingLeft
                0x08002770                common_movingUp
                0x08002910                common_mapMovingRightDownOffset
                0x08002ad0                common_mapMovingLeftDownOffset
                0x08002c84                common_mapMovingRightUpOffset
                0x08002e34                common_mapMovingLeftUpOffset
                0x08002fec                common_movingRightDownOffset
                0x08003230                common_movingLeftDownOffset
                0x08003478                common_movingRightUpOffset
                0x080036c0                common_movingLeftUpOffset
                0x0800390c                commonRemoveCharacter
                0x08003950                commonCharacterSetPosition
                0x0800397c                commonCharacterInit
                0x080039b0                commonCharacterMapEdgeCheck
                0x08003a24                commonSetToOamBuffer
                0x08003b2c                commonDrawDisplay
                0x08003bb8                commonInitializeAction
                0x08003bec                commonUpdateAnimation
                0x08003c70                commonGetNextFrame
                0x08003ce8                commonIsInScreen
                0x08003d90                common_checkNext
                0x08003dc0                hasCollision
                0x08003e78                commonPositionInBounds
                0x08003ec4                commonGetBoundsFromMap
                0x08003f48                commonSetCharacterEvent
                0x08003fac                commonTriggerCharacterEvent
                0x08004134                commonDoActionOneCycle
                0x080041dc                commonDoActionByFrames
                0x080041e0                transferToBoundingBox
                0x08004204                commonCheckForEvents
                0x08004338                commonGetCurrentAnimationFrame
                0x08004344                commonGetCurrentScreenFrame
                0x0800434c                commonDoNextAction
                0x080043b8                commonDoIntializeActions
                0x08004448                commonFindCharTypeInBoundingBox
                0x08004520                commonFindCharTypePositionByDistance
                0x080045e4                commonIsFoundPosition
 .text          0x08004600      0x208 CharacterCrow.thumb.o
                0x08004600                crow_doAction
                0x08004638                crow_getBoundingBox
                0x08004654                crow_checkMapCollision
                0x08004658                crow_checkCollision
                0x0800465c                crow_actionStand
                0x08004700                crow_setPosition
                0x08004754                crow_init
 .text          0x08004808       0x38 CharacterCrowController.thumb.o
                0x08004808                crow_controller
                0x08004834                crow_setCharacter
 .text          0x08004840      0x2d4 CharacterGhostMan.thumb.o
                0x08004840                ghostMan_doAction
                0x08004860                ghostMan_getBoundingBox
                0x08004864                ghostMan_checkCollision
                0x08004868                ghostMan_checkMapCollision
                0x0800486c                ghostMan_doSit
                0x080048bc                ghostMan_doFollow
                0x08004968                ghostMan_doTransitionToFollow
                0x08004a10                ghostMan_setPosition
                0x08004a64                ghostMan_init
 .text          0x08004b14      0x214 CharacterGhostlyHand.thumb.o
                0x08004b14                ghostlyHand_doAction
                0x08004b34                ghostlyHand_getBoundingBox
                0x08004b38                ghostlyHand_checkCollision
                0x08004b3c                ghostlyHand_checkMapCollision
                0x08004b40                ghostlyHand_setPosition
                0x08004b94                ghostlyHand_doHide
                0x08004bec                ghostlyHand_doAppear
                0x08004c78                ghostlyHand_init
 .text          0x08004d28       0x1c CharacterGhostlyHandController.thumb.o
                0x08004d28                ghostlyHand_controller
                0x08004d38                ghostlyHand_setCharacter
 .text          0x08004d44       0xdc CharacterGhostmanController.thumb.o
                0x08004d44                ghostMan_followController
                0x08004d54                ghostMan_controller
                0x08004dcc                ghostMan_transistionToFollowController
                0x08004e10                ghostMan_setCharacter
 .text          0x08004e20      0x58c CharacterWerewolf.thumb.o
                0x08004e20                werewolf_doAction
                0x08004e40                werewolf_getBoundingBoxStanding
                0x08004e80                werewolf_actionWalk
                0x08004fbc                werewolf_actionFindTarget
                0x08005074                werewolf_checkMapCollision
                0x080050a0                werewolf_checkCollision
                0x08005104                werewolf_setPosition
                0x080051c8                werewolf_checkActionEventCollision
                0x08005268                werewolf_init
                0x08005340                werewolf_getBounds
                0x08005364                werewolf_getBoundingBoxMoving
 .text          0x080053ac      0x2c8 CharacterWerewolfController.thumb.o
                0x080053ac                werewolf_scanSurroundingsController
                0x08005574                werewolf_goAroundObstacleController
                0x08005650                werewolf_setCharacter
                0x0800565c                werewolf_huntTargetController
                0x08005660                werewolf_remove
 .text          0x08005674      0x804 CharacterZombie.thumb.o
                0x08005674                zombie_doAction
                0x08005694                zombie_getBoundingBoxMoving
                0x080056d8                zombie_actionStunned
                0x08005730                zombie_actionWalk
                0x080058c8                zombie_actionChaseTarget
                0x08005a1c                zombie_actionAttack
                0x08005b38                zombie_checkMapCollision
                0x08005b68                zombie_checkCollision
                0x08005bcc                zombie_checkActionEventCollision
                0x08005c88                zombie_setPosition
                0x08005d4c                zombie_init
                0x08005e34                zombie_getBoundingBoxStanding
 .text          0x08005e78      0x6d4 CharacterZombieController.thumb.o
                0x08005e78                zombie_huntController
                0x08006140                zombie_isStunnedController
                0x080061dc                zombie_walkAroundController
                0x08006494                zombie_setCharacter
                0x080064a0                changeDirection
                0x080064d0                resetBlockedDirection
                0x080064dc                findAttackDirection
 .text          0x0800654c       0x84 GBATimer.thumb.o
                0x0800654c                gbatimer_profileStart
                0x0800658c                gbatimer_profileStop
                0x080065b4                gbatimer_set
 .text          0x080065d0      0x484 ManagerBG.thumb.o
                0x080065d0                mbg_initializeMapOnScreen
                0x0800666c                mbg_initializeCharacters
                0x08006728                mbg_init
                0x0800688c                mbg_setVerticalTiles
                0x08006958                mbg_setHorizontalTiles
                0x08006a00                mbg_checkBoundary
                0x08006a48                mbg_checkCollision
                0x08006a4c                mbg_collisionAtPosition
 .text          0x08006a54      0x524 ManagerCharacters.thumb.o
                0x08006a54                mchar_setDraw
                0x08006a60                mchar_draw
                0x08006ab4                mchar_init
                0x08006b0c                mchar_getPlayerCharacter
                0x08006b38                mchar_reinit
                0x08006b9c                mchar_action
                0x08006bf0                mchar_resolveAction
                0x08006dd4                mchar_checkCollisionAbove
                0x08006dd8                mchar_checkCollisionBelow
                0x08006ddc                mchar_setPosition
                0x08006e58                mchar_findCharacterType
                0x08006e90                mchar_resetControlType
                0x08006edc                mchar_initControlType
                0x08006f3c                mchar_getControlType
 .text          0x08006f78       0xec ManagerCharactersActionEvents.thumb.o
                0x08006f78                mchar_actione_init
                0x08006fb4                mchar_actione_reinit
                0x08006fe4                mchar_actione_add
 .text          0x08007064       0x30 ManagerGame.thumb.o
                0x08007064                mgame_setUpdater
 .text          0x08007094       0x68 ManagerOAM.thumb.o
                0x08007094                moam_initBuffer
                0x080070c0                moam_setUpdate
                0x080070cc                moam_update
 .text          0x080070fc      0x5e8 ManagerPrinter.thumb.o
                0x080070fc                mprinter_init
                0x08007158                mprinter_clear
                0x08007184                mprinter_string
                0x080071f0                mprinter_convertIntToString
                0x08007238                mprinter_number
                0x08007320                mprinter_printf
                0x080076c0                mprinter_print
 .text          0x080076e4      0x448 ManagerScrDisplay.thumb.o
                0x080076e4                mscr_moveScr
                0x08007884                initDisplay2BG
                0x08007890                mscr_initCharMoveRef
                0x08007914                mscr_adjustScreenToMapLimits
                0x08007954                mscr_initPosMoveRef
                0x0800795c                mscr_checkMoveLeft
                0x08007990                mscr_checkMoveRight
                0x080079c8                mscr_checkMoveUp
                0x080079fc                mscr_checkMoveDown
                0x08007a34                mscr_setHorizontalMove
                0x08007a70                mscr_setVerticalMove
                0x08007aac                mscr_setDraw
                0x08007ab8                mscr_draw
                0x08007af4                initWindowObj
                0x08007b14                removeWindowObj
 .text          0x08007b2c      0x634 ManagerSound.thumb.o
                0x08007b2c                msound_init
                0x08007b74                msound_setUpMono
                0x08007bd8                msound_setUpStereo
                0x08007c54                getOpenChannel
                0x08007ca0                msound_setChannel3d
                0x08007d84                msound_setChannel
                0x08007e14                msound_mixMono
                0x08007f14                msound_mixStereo
                0x080080e4                msound_mixStereoASMR
                0x080080f0                msound_changeBuf
                0x08008130                msound_process3dSound
 .text          0x08008160      0x774 ManagerVram.thumb.o
                0x08008160                sprite_vram_init
                0x0800821c                sprite_vram_findId
                0x080082dc                sprite_vram_freeId
                0x08008388                sprite_vram_copy32_ID
                0x080083b4                sprite_getID
                0x080083d4                sprite_vram_reset
                0x080083e0                sprite_palette_init
                0x080084e0                sprite_palette_findId
                0x080087b4                sprite_palette_copy32
                0x080087ec                sprite_palette_copy32_ID
                0x08008810                sprite_palette_getID
                0x0800881c                sprite_palette_reset
                0x08008828                tiles_vram_copy32
                0x08008860                map_vram_copy32
                0x08008898                getBGMemoryCurrent
                0x080088a4                memFill16
                0x080088c4                sprite_get_palette_ID
 .text          0x080088d4      0x1b4 MapCommon.thumb.o
                0x080088d4                returnToScreen
                0x08008910                mapCommon_defaultEffect
                0x08008914                mapCommon_returnToNormal
                0x08008950                mapCommon_goDark
                0x0800898c                mapCommon_transferToMap
                0x08008a30                map_nofunction
                0x08008a34                fadeToBlack
                0x08008a74                mapCommon_initFlashScreen
 .text          0x08008a88       0x48 UpdateGameStatus.arm.o
                0x08008a88                updateGameStatus
 .text          0x08008ad0      0x14c UtilLzssDecompress.thumb.o
                0x08008ad0                lzssDecompress
                0x08008bf4                lzss2vram
                0x08008c10                LZSSUncomp
 .text          0x08008c1c      0x148 c:/devkitpro/devkitarm/bin/../lib/gcc/arm-none-eabi/7.1.0\libgcc.a(_divsi3.o)
                0x08008c1c                __divsi3
                0x08008c1c                __aeabi_idiv
                0x08008d44                __aeabi_idivmod
 .text          0x08008d64        0x4 c:/devkitpro/devkitarm/bin/../lib/gcc/arm-none-eabi/7.1.0\libgcc.a(_dvmd_tls.o)
                0x08008d64                __aeabi_idiv0
                0x08008d64                __aeabi_ldiv0
 *(.text .stub .text.* .gnu.linkonce.t.*)
 .text.deregister_tm_clones
                0x08008d68       0x2c c:/devkitpro/devkitarm/bin/../lib/gcc/arm-none-eabi/7.1.0/crtbegin.o
 .text.register_tm_clones
                0x08008d94       0x38 c:/devkitpro/devkitarm/bin/../lib/gcc/arm-none-eabi/7.1.0/crtbegin.o
 .text.__do_global_dtors_aux
                0x08008dcc       0x44 c:/devkitpro/devkitarm/bin/../lib/gcc/arm-none-eabi/7.1.0/crtbegin.o
 .text.frame_dummy
                0x08008e10       0x34 c:/devkitpro/devkitarm/bin/../lib/gcc/arm-none-eabi/7.1.0/crtbegin.o
 .text.startup  0x08008e44       0xc4 ActionRpg.thumb.o
                0x08008e44                main
 .text.__libc_init_array
                0x08008f08       0x88 c:/devkitpro/devkitarm/bin/../lib/gcc/arm-none-eabi/7.1.0/../../../../arm-none-eabi/lib\libg.a(lib_a-init.o)
                0x08008f08                __libc_init_array
 .text.malloc   0x08008f90       0x1c c:/devkitpro/devkitarm/bin/../lib/gcc/arm-none-eabi/7.1.0/../../../../arm-none-eabi/lib\libg.a(lib_a-malloc.o)
                0x08008f90                malloc
 .text._malloc_r
                0x08008fac      0x7ac c:/devkitpro/devkitarm/bin/../lib/gcc/arm-none-eabi/7.1.0/../../../../arm-none-eabi/lib\libg.a(lib_a-mallocr.o)
                0x08008fac                _malloc_r
 .text.memcpy   0x08009758      0x110 c:/devkitpro/devkitarm/bin/../lib/gcc/arm-none-eabi/7.1.0/../../../../arm-none-eabi/lib\libg.a(lib_a-memcpy-stub.o)
                0x08009758                memcpy
 .text.memset   0x08009868      0x114 c:/devkitpro/devkitarm/bin/../lib/gcc/arm-none-eabi/7.1.0/../../../../arm-none-eabi/lib\libg.a(lib_a-memset.o)
                0x08009868                memset
 .text.__malloc_lock
                0x0800997c       0x18 c:/devkitpro/devkitarm/bin/../lib/gcc/arm-none-eabi/7.1.0/../../../../arm-none-eabi/lib\libg.a(lib_a-mlock.o)
                0x0800997c                __malloc_lock
 .text.__malloc_unlock
                0x08009994       0x18 c:/devkitpro/devkitarm/bin/../lib/gcc/arm-none-eabi/7.1.0/../../../../arm-none-eabi/lib\libg.a(lib_a-mlock.o)
                0x08009994                __malloc_unlock
 .text.rand     0x080099ac       0x4c c:/devkitpro/devkitarm/bin/../lib/gcc/arm-none-eabi/7.1.0/../../../../arm-none-eabi/lib\libg.a(lib_a-rand.o)
                0x080099ac                rand
 .text.strncpy  0x080099f8       0xe0 c:/devkitpro/devkitarm/bin/../lib/gcc/arm-none-eabi/7.1.0/../../../../arm-none-eabi/lib\libg.a(lib_a-strncpy.o)
                0x080099f8                strncpy
 .text._malloc_trim_r
                0x08009ad8      0x100 c:/devkitpro/devkitarm/bin/../lib/gcc/arm-none-eabi/7.1.0/../../../../arm-none-eabi/lib\libg.a(lib_a-freer.o)
                0x08009ad8                _malloc_trim_r
 .text._free_r  0x08009bd8      0x2dc c:/devkitpro/devkitarm/bin/../lib/gcc/arm-none-eabi/7.1.0/../../../../arm-none-eabi/lib\libg.a(lib_a-freer.o)
                0x08009bd8                _free_r
 .text._sbrk_r  0x08009eb4       0x74 c:/devkitpro/devkitarm/bin/../lib/gcc/arm-none-eabi/7.1.0/../../../../arm-none-eabi/lib\libsysbase.a(sbrk.o)
                0x08009eb4                _sbrk_r
 .text.__libc_lock_acquire_recursive
                0x08009f28       0x18 c:/devkitpro/devkitarm/bin/../lib/gcc/arm-none-eabi/7.1.0/../../../../arm-none-eabi/lib\libsysbase.a(syscall_support.o)
                0x08009f28                __libc_lock_acquire_recursive
 .text.__libc_lock_release_recursive
                0x08009f40       0x18 c:/devkitpro/devkitarm/bin/../lib/gcc/arm-none-eabi/7.1.0/../../../../arm-none-eabi/lib\libsysbase.a(syscall_support.o)
                0x08009f40                __libc_lock_release_recursive
 .text.__getreent
                0x08009f58       0x24 c:/devkitpro/devkitarm/bin/../lib/gcc/arm-none-eabi/7.1.0/../../../../arm-none-eabi/lib\libsysbase.a(getreent.o)
                0x08009f58                __getreent
 *fill*         0x08009f7c        0x4 ff
 .text.__getreent.__stub
                0x08009f80       0x74 linker stubs
 *(.text.*personality*)
 *(.gnu.warning)
 *(.glue_7t)
 .glue_7t       0x0800a008        0x0 linker stubs
 *(.glue_7)
 .glue_7        0x0800a008        0x0 linker stubs
 *(.vfp11_veneer)
 .vfp11_veneer  0x0800a008        0x0 linker stubs
                0x0800a008                . = ALIGN (0x4)
                0x0800a008                __text_end = .

.v4_bx          0x0800a008        0x0
 .v4_bx         0x0800a008        0x0 linker stubs

.iplt           0x0800a008        0x0
 .iplt          0x0800a008        0x0 c:/devkitpro/devkitarm/bin/../lib/gcc/arm-none-eabi/7.1.0/../../../../arm-none-eabi/lib/gba_crt0.o

.fini           0x0800a008       0x18
 *(.fini)
 .fini          0x0800a008        0xc c:/devkitpro/devkitarm/bin/../lib/gcc/arm-none-eabi/7.1.0/crti.o
                0x0800a008                _fini
 .fini          0x0800a014        0xc c:/devkitpro/devkitarm/bin/../lib/gcc/arm-none-eabi/7.1.0/crtn.o
                0x0800a020                . = ALIGN (0x4)

.rodata         0x0800a020    0x19df0
 *(.rodata)
 .rodata        0x0800a020      0x328 CharacterAlisa.thumb.o
                0x0800a020                alisa_actions
                0x0800a040                slash_offsetValues
                0x0800a080                alisa_mapCollisionReactions
                0x0800a0a0                alisa_mapCollision
                0x0800a0c0                alisa_collisionReactions
                0x0800a100                alisa_boundingBoxMeasurements
                0x0800a104                alisa_scrConversionMeasurements
                0x0800a108                alisa_dashOffsetY
                0x0800a188                alisa_dashOffsetX
                0x0800a208                alisa_runOffsetY
                0x0800a2a8                alisa_runOffsetX
 .rodata        0x0800a348        0x8 CharacterAlisaController.thumb.o
                0x0800a348                DEFAULT_DIRECTIONMAP
 .rodata        0x0800a350      0x10c CharacterCommon.thumb.o
                0x0800a350                uncompressedCopySize
                0x0800a380                NOT_FOUND_POSITION
                0x0800a388                openSlot
                0x0800a3dc                common_mapCollision
                0x0800a3fc                common_mapCollisionReactions
                0x0800a41c                common_collisionReactions
 .rodata        0x0800a45c       0x12 CharacterGhostMan.thumb.o
                0x0800a45c                ghostMan_actions
                0x0800a468                ghostMan_boundingBoxMeasurements
                0x0800a46c                ghostMan_scrConversionMeasurements
 *fill*         0x0800a46e        0x2 ff
 .rodata        0x0800a470        0xe CharacterGhostlyHand.thumb.o
                0x0800a470                ghostlyHand_actions
                0x0800a478                ghostlyHand_boundingBoxMeasurements
                0x0800a47c                ghostlyHand_scrConversionMeasurements
 *fill*         0x0800a47e        0x2 ff
 .rodata        0x0800a480       0x40 CharacterType.thumb.o
                0x0800a480                characterSet
                0x0800a4a0                chacterInit
 .rodata        0x0800a4c0      0x2c6 CharacterWerewolf.thumb.o
                0x0800a4c0                werewolf_scanSurroundingOffset
                0x0800a500                werewolf_mapCollisionReactions
                0x0800a520                werewolf_mapCollision
                0x0800a540                werewolf_collisionReactions
                0x0800a580                werewolf_runOffsetY
                0x0800a680                werewolf_runOffsetX
                0x0800a780                werewolf_boundingBoxMeasurements
                0x0800a784                werewolf_scrConversionMeasurements
 *fill*         0x0800a786        0x2 ff
 .rodata        0x0800a788        0x8 CharacterWerewolfController.thumb.o
                0x0800a788                werewolf_patrolDirections
 .rodata        0x0800a790      0x1ca CharacterZombie.thumb.o
                0x0800a790                zombie_scanSurroundingOffset
                0x0800a7d0                zombie_strike_offsetValues
                0x0800a810                zombie_scanLastKnownPosition
                0x0800a814                zombie_walkOffsetY
                0x0800a8b4                zombie_walkOffsetX
                0x0800a954                zombie_boundingBoxMeasurements
                0x0800a958                zombie_scrConversionMeasurements
 *fill*         0x0800a95a        0x2 ff
 .rodata        0x0800a95c       0x3d CharacterZombieController.thumb.o
                0x0800a95c                FAR_TARGET
                0x0800a978                zombie_walkDirections
                0x0800a980                NEAR_TARGET
 *fill*         0x0800a999        0x3 ff
 .rodata        0x0800a99c        0x8 ManagerOAM.thumb.o
                0x0800a99c                moam_removeObj
 .rodata        0x0800a9a4     0x17a0 ManagerPrinter.thumb.o
                0x0800a9a4                character_pal
                0x0800a9c4                character_tiles
 .rodata        0x0800c144        0x8 ManagerScrDisplay.thumb.o
                0x0800c144                default_scrBoundingBox
 .rodata        0x0800c14c      0x108 ManagerSound.thumb.o
                0x0800c14c                freeChannel
                0x0800c164                distanceAttenuation
                0x0800c1a4                sound_zero
 .rodata        0x0800c254       0x88 UtilCommonValues.thumb.o
                0x0800c254                h_flipOnDirection
                0x0800c274                directions
                0x0800c27c                MAXBITSHIFT
                0x0800c280                dir_from_key
                0x0800c290                ASYMMETRICDIR
                0x0800c294                SYMMETRICDIR
                0x0800c298                SCREENEDGEBOTTOM
                0x0800c29c                SCREENEDGETOP
                0x0800c2a0                SCREENEDGERIGHT
                0x0800c2a4                SCREENEDGELEFT
                0x0800c2a8                OBJONSCRYMAX
                0x0800c2ac                OBJONSCRXMAX
                0x0800c2b0                TILEHEIGHT
                0x0800c2b4                TILEWIDTH
                0x0800c2b8                QUARTERMAPBLOCK
                0x0800c2bc                HALFMAPBLOCK
                0x0800c2c0                MAPBLOCKCHK
                0x0800c2c4                MAPBLOCK
                0x0800c2c8                TOLERANCE_MOVE
                0x0800c2cc                TOLERANCE_TB
                0x0800c2d0                TOLERANCE_LR
                0x0800c2d4                GBASCREENHEIGHT
                0x0800c2d8                GBASCREENWIDTH
 .rodata        0x0800c2dc      0x800 UtilLzssDecompress.thumb.o
                0x0800c2dc                addShift
                0x0800c6dc                addUncompressedLength
 .rodata        0x0800cadc     0x2868 map_graveyard.o
                0x0800cadc                startat_map_graveyard
                0x0800caec                map_graveyard
                0x0800cb1c                transfer_map_graveyard
                0x0800cb2c                tileset_stonelantern
                0x0800cb2c                actors_map_graveyard
                0x0800cb34                tileset_shrine_walkway
                0x0800cb3c                tileset_gravestone
                0x0800cb44                collision_map_graveyard
                0x0800d344                mapentry_map_graveyard
 .rodata        0x0800f344     0x2868 map_shrine.o
                0x0800f344                map_shrine
                0x0800f374                transfer_map_shrine
                0x0800f384                actors_map_shrine
                0x0800f384                tileset_shrine_roof
                0x0800f38c                tileset_shrine_wall
                0x0800f394                tileset_shrine_flloorsupport
                0x0800f39c                tileset_shrine_flloor
                0x0800f3a4                tileset_shrine_stairs
                0x0800f3ac                collision_map_shrine
                0x0800fbac                mapentry_map_shrine
 .rodata        0x08011bac     0x1489 sound_crow.o
                0x08011bac                soundeffect_crow
                0x08011bb8                sound_crow
 *fill*         0x08013035        0x3 ff
 .rodata        0x08013038     0x820e sound_ghost_moan2.o
                0x08013038                soundeffect_ghost_moan4
                0x08013044                sound_ghost_moan4
                0x080161cc                soundeffect_ghost_moan3
                0x080161d8                sound_ghost_moan3
                0x080195b4                soundeffect_ghost_moan2
                0x080195c0                sound_ghost_moan2
 *fill*         0x0801b246        0x2 ff
 .rodata        0x0801b248      0x943 sound_slash.o
                0x0801b248                soundeffect_slash
                0x0801b254                slash
 *fill*         0x0801bb8b        0x1 ff
 .rodata        0x0801bb8c      0x397 sound_window_hit.o
                0x0801bb8c                soundeffect_window_hit
                0x0801bb98                sound_window_hit
 *fill*         0x0801bf23        0x1 ff
 .rodata        0x0801bf24      0x1c4 sprite_alisa_dashbackwardwithsword_down.thumb.o
                0x0801bf24                alisa_dashbackwardwithsword_down_image1
                0x0801bff8                alisa_dashbackwardwithsword_down_image0
                0x0801c0c8                alisa_dashbackwardwithsword_down_pal
 .rodata        0x0801c0e8      0x29c sprite_alisa_dashbackwardwithsword_side.thumb.o
                0x0801c0e8                alisa_dashbackwardwithsword_side_image2
                0x0801c1b4                alisa_dashbackwardwithsword_side_image1
                0x0801c28c                alisa_dashbackwardwithsword_side_image0
                0x0801c364                alisa_dashbackwardwithsword_side_pal
 .rodata        0x0801c384      0x1cc sprite_alisa_dashbackwardwithsword_up.thumb.o
                0x0801c384                alisa_dashbackwardwithsword_up_image1
                0x0801c460                alisa_dashbackwardwithsword_up_image0
                0x0801c530                alisa_dashbackwardwithsword_up_pal
 .rodata        0x0801c550      0x4f4 sprite_alisa_runwithsword_down.thumb.o
                0x0801c550                alisa_runwithsword_down_image5
                0x0801c618                alisa_runwithsword_down_image4
                0x0801c6dc                alisa_runwithsword_down_image3
                0x0801c7b8                alisa_runwithsword_down_image2
                0x0801c888                alisa_runwithsword_down_image1
                0x0801c950                alisa_runwithsword_down_image0
                0x0801ca24                alisa_runwithsword_down_pal
 .rodata        0x0801ca44      0x550 sprite_alisa_runwithsword_side.thumb.o
                0x0801ca44                alisa_runwithsword_side_image5
                0x0801cb24                alisa_runwithsword_side_image4
                0x0801cc08                alisa_runwithsword_side_image3
                0x0801cce4                alisa_runwithsword_side_image2
                0x0801cdc8                alisa_runwithsword_side_image1
                0x0801cea4                alisa_runwithsword_side_image0
                0x0801cf74                alisa_runwithsword_side_pal
 .rodata        0x0801cf94      0x4e0 sprite_alisa_runwithsword_up.thumb.o
                0x0801cf94                alisa_runwithsword_up_image5
                0x0801d054                alisa_runwithsword_up_image4
                0x0801d120                alisa_runwithsword_up_image3
                0x0801d1f4                alisa_runwithsword_up_image2
                0x0801d2b8                alisa_runwithsword_up_image1
                0x0801d384                alisa_runwithsword_up_image0
                0x0801d454                alisa_runwithsword_up_pal
 .rodata        0x0801d474      0x100 sprite_alisa_standwithsword_down.thumb.o
                0x0801d474                alisa_standwithsword_down_image0
                0x0801d554                alisa_standwithsword_down_pal
 .rodata        0x0801d574      0x104 sprite_alisa_standwithsword_side.thumb.o
                0x0801d574                alisa_standwithsword_side_image0
                0x0801d658                alisa_standwithsword_side_pal
 .rodata        0x0801d678      0x1dc sprite_alisa_standwithsword_up.thumb.o
                0x0801d678                alisa_standwithsword_up_image1
                0x0801d758                alisa_standwithsword_up_image0
                0x0801d834                alisa_standwithsword_up_pal
 .rodata        0x0801d854      0x1e4 sprite_alisa_stunnedwithsword_down.thumb.o
                0x0801d854                alisa_stunnedwithsword_down_image1
                0x0801d93c                alisa_stunnedwithsword_down_image0
                0x0801da18                alisa_stunnedwithsword_down_pal
 .rodata        0x0801da38      0x1e8 sprite_alisa_stunnedwithsword_side.thumb.o
                0x0801da38                alisa_stunnedwithsword_side_image1
                0x0801db1c                alisa_stunnedwithsword_side_image0
                0x0801dc00                alisa_stunnedwithsword_side_pal
 .rodata        0x0801dc20      0x1d0 sprite_alisa_stunnedwithsword_up.thumb.o
                0x0801dc20                alisa_stunnedwithsword_up_image1
                0x0801dcfc                alisa_stunnedwithsword_up_image0
                0x0801ddd0                alisa_stunnedwithsword_up_pal
 .rodata        0x0801ddf0      0x38c sprite_alisa_swordslash_down.thumb.o
                0x0801ddf0                alisa_swordslash_down_image3
                0x0801dec8                alisa_swordslash_down_image2
                0x0801dfa4                alisa_swordslash_down_image1
                0x0801e080                alisa_swordslash_down_image0
                0x0801e15c                alisa_swordslash_down_pal
 .rodata        0x0801e17c      0x380 sprite_alisa_swordslash_side.thumb.o
                0x0801e17c                alisa_swordslash_side_image3
                0x0801e248                alisa_swordslash_side_image2
                0x0801e320                alisa_swordslash_side_image1
                0x0801e400                alisa_swordslash_side_image0
                0x0801e4dc                alisa_swordslash_side_pal
 .rodata        0x0801e4fc      0x390 sprite_alisa_swordslash_up.thumb.o
                0x0801e4fc                alisa_swordslash_up_image3
                0x0801e5d8                alisa_swordslash_up_image2
                0x0801e6b4                alisa_swordslash_up_image1
                0x0801e790                alisa_swordslash_up_image0
                0x0801e86c                alisa_swordslash_up_pal
 .rodata        0x0801e88c      0x308 sprite_character.thumb.o
                0x0801e88c                character_image3
                0x0801e958                character_image2
                0x0801ea1c                character_image1
                0x0801ead4                character_image0
                0x0801eb74                characterboy_pal
 .rodata        0x0801eb94       0xa8 sprite_crow.thumb.o
                0x0801eb94                crow_image0
                0x0801ec1c                crow_pal
 .rodata        0x0801ec3c      0x120 sprite_ghostly_hand.thumb.o
                0x0801ec3c                ghostly_hand_image3
                0x0801ec9c                ghostly_hand_image2
                0x0801ece0                ghostly_hand_image1
                0x0801ed24                ghostly_hand_image0
                0x0801ed3c                ghostly_hand_pal
 .rodata        0x0801ed5c      0x12c sprite_ghostlyman.thumb.o
                0x0801ed5c                ghostlyman_image0
                0x0801ee68                ghostlyman_pal
 .rodata        0x0801ee88       0xa0 sprite_ghostlyman_lower_float.thumb.o
                0x0801ee88                ghostlyman_lower_float_image0
                0x0801ef08                ghostlyman_lower_float_pal
 .rodata        0x0801ef28       0xe4 sprite_ghostlyman_upper_float.thumb.o
                0x0801ef28                ghostlyman_upper_float_image0
                0x0801efec                ghostlyman_upper_float_pal
 .rodata        0x0801f00c       0xfc sprite_sword_side.thumb.o
                0x0801f00c                sword_side_image3
                0x0801f044                sword_side_image2
                0x0801f07c                sword_side_image1
                0x0801f0b0                sword_side_image0
                0x0801f0e8                sword_side_pal
 .rodata        0x0801f108       0xf4 sprite_sword_vertical.thumb.o
                0x0801f108                sword_vertical_image2
                0x0801f150                sword_vertical_image1
                0x0801f194                sword_vertical_image0
                0x0801f1dc                sword_vertical_pal
 .rodata        0x0801f1fc       0x68 sprite_werewolfarm_down.thumb.o
                0x0801f1fc                werewolfarm_down_image0
                0x0801f244                werewolfarm_down_pal
 .rodata        0x0801f264       0x68 sprite_werewolfarm_side.thumb.o
                0x0801f264                werewolfarm_side_image0
                0x0801f2ac                werewolfarm_side_pal
 .rodata        0x0801f2cc       0x68 sprite_werewolfarm_up.thumb.o
                0x0801f2cc                werewolfarm_up_image0
                0x0801f314                werewolfarm_up_pal
 .rodata        0x0801f334      0x180 sprite_werewolffeet_run_down.thumb.o
                0x0801f334                werewolffeet_run_down_image2
                0x0801f3ac                werewolffeet_run_down_image1
                0x0801f42c                werewolffeet_run_down_image0
                0x0801f494                werewolffeet_run_down_pal
 .rodata        0x0801f4b4      0x25c sprite_werewolffeet_run_side.thumb.o
                0x0801f4b4                werewolffeet_run_side_image4
                0x0801f514                werewolffeet_run_side_image3
                0x0801f58c                werewolffeet_run_side_image2
                0x0801f600                werewolffeet_run_side_image1
                0x0801f670                werewolffeet_run_side_image0
                0x0801f6f0                werewolffeet_run_side_pal
 .rodata        0x0801f710      0x17c sprite_werewolffeet_run_up.thumb.o
                0x0801f710                werewolffeet_run_up_image2
                0x0801f788                werewolffeet_run_up_image1
                0x0801f808                werewolffeet_run_up_image0
                0x0801f86c                werewolffeet_run_up_pal
 .rodata        0x0801f88c       0x64 sprite_werewolftail_side.thumb.o
                0x0801f88c                werewolftail_side_image0
                0x0801f8d0                werewolftail_side_pal
 .rodata        0x0801f8f0      0x138 sprite_werewolfupperbody_run_down.thumb.o
                0x0801f8f0                werewolfupperbody_run_down_image1
                0x0801f97c                werewolfupperbody_run_down_image0
                0x0801fa08                werewolfupperbody_run_down_pal
 .rodata        0x0801fa28      0x188 sprite_werewolfupperbody_run_side.thumb.o
                0x0801fa28                werewolfupperbody_run_side_image2
                0x0801faa0                werewolfupperbody_run_side_image1
                0x0801fb18                werewolfupperbody_run_side_image0
                0x0801fb90                werewolfupperbody_run_side_pal
 .rodata        0x0801fbb0      0x1c0 sprite_werewolfupperbody_run_up.thumb.o
                0x0801fbb0                werewolfupperbody_run_up_image2
                0x0801fc38                werewolfupperbody_run_up_image1
                0x0801fcc4                werewolfupperbody_run_up_image0
                0x0801fd50                werewolfupperbody_run_up_pal
 .rodata        0x0801fd70      0x4ec sprite_zombie_attack_down.thumb.o
                0x0801fd70                zombie_attack_down_image4
                0x0801fe5c                zombie_attack_down_image3
                0x0801ff54                zombie_attack_down_image2
                0x0802004c                zombie_attack_down_image1
                0x08020144                zombie_attack_down_image0
                0x0802023c                zombie_attack_down_pal
 .rodata        0x0802025c      0x474 sprite_zombie_attack_side.thumb.o
                0x0802025c                zombie_attack_side_image4
                0x08020348                zombie_attack_side_image3
                0x08020428                zombie_attack_side_image2
                0x080204f4                zombie_attack_side_image1
                0x080205cc                zombie_attack_side_image0
                0x080206b0                zombie_attack_side_pal
 .rodata        0x080206d0      0x4dc sprite_zombie_attack_up.thumb.o
                0x080206d0                zombie_attack_up_image4
                0x080207bc                zombie_attack_up_image3
                0x080208b4                zombie_attack_up_image2
                0x0802099c                zombie_attack_up_image1
                0x08020a94                zombie_attack_up_image0
                0x08020b8c                zombie_attack_up_pal
 .rodata        0x08020bac      0x10c sprite_zombie_stunned_down.thumb.o
                0x08020bac                zombie_stunned_down_image0
                0x08020c98                zombie_stunned_down_pal
 .rodata        0x08020cb8       0xe8 sprite_zombie_stunned_side.thumb.o
                0x08020cb8                zombie_stunned_side_image0
                0x08020d80                zombie_stunned_side_pal
 .rodata        0x08020da0      0x110 sprite_zombie_stunned_up.thumb.o
                0x08020da0                zombie_stunned_up_image0
                0x08020e90                zombie_stunned_up_pal
 .rodata        0x08020eb0      0x408 sprite_zombie_walk_down.thumb.o
                0x08020eb0                zombie_walk_down_image3
                0x08020fac                zombie_walk_down_image2
                0x080210ac                zombie_walk_down_image1
                0x080211a0                zombie_walk_down_image0
                0x08021298                zombie_walk_down_pal
 .rodata        0x080212b8      0x3bc sprite_zombie_walk_side.thumb.o
                0x080212b8                zombie_walk_side_image3
                0x080213a0                zombie_walk_side_image2
                0x08021484                zombie_walk_side_image1
                0x08021568                zombie_walk_side_image0
                0x08021654                zombie_walk_side_pal
 .rodata        0x08021674      0x3ec sprite_zombie_walk_up.thumb.o
                0x08021674                zombie_walk_up_image3
                0x08021760                zombie_walk_up_image2
                0x0802185c                zombie_walk_up_image1
                0x08021948                zombie_walk_up_image0
                0x08021a40                zombie_walk_up_pal
 .rodata        0x08021a60       0x38 spriteset_alisa_dashbackwardwithsword_down.thumb.o
                0x08021a60                alisa_dashbackwardwithsword_down
                0x08021a68                alisa_dashbackwardwithsword_down_layerSet
                0x08021a78                alisa_dashbackwardwithsword_down_layerSet1
                0x08021a88                alisa_dashbackwardwithsword_down_layerSet0
 .rodata        0x08021a98       0x38 spriteset_alisa_dashbackwardwithsword_left.thumb.o
                0x08021a98                alisa_dashbackwardwithsword_left
                0x08021aa0                alisa_dashbackwardwithsword_left_layerSet
                0x08021ab0                alisa_dashbackwardwithsword_left_layerSet1
                0x08021ac0                alisa_dashbackwardwithsword_left_layerSet0
 .rodata        0x08021ad0       0x38 spriteset_alisa_dashbackwardwithsword_right.thumb.o
                0x08021ad0                alisa_dashbackwardwithsword_right
                0x08021ad8                alisa_dashbackwardwithsword_right_layerSet
                0x08021ae8                alisa_dashbackwardwithsword_right_layerSet1
                0x08021af8                alisa_dashbackwardwithsword_right_layerSet0
 .rodata        0x08021b08       0x38 spriteset_alisa_dashbackwardwithsword_up.thumb.o
                0x08021b08                alisa_dashbackwardwithsword_up
                0x08021b10                alisa_dashbackwardwithsword_up_layerSet
                0x08021b20                alisa_dashbackwardwithsword_up_layerSet1
                0x08021b30                alisa_dashbackwardwithsword_up_layerSet0
 .rodata        0x08021b40       0x68 spriteset_alisa_dashforwardwithsword_down.thumb.o
                0x08021b40                alisa_dashforwardwithsword_down
                0x08021b48                alisa_dashforwardwithsword_down_layerSet
                0x08021b68                alisa_dashforwardwithsword_down_layerSet3
                0x08021b78                alisa_dashforwardwithsword_down_layerSet2
                0x08021b88                alisa_dashforwardwithsword_down_layerSet1
                0x08021b98                alisa_dashforwardwithsword_down_layerSet0
 .rodata        0x08021ba8       0x68 spriteset_alisa_dashforwardwithsword_left.thumb.o
                0x08021ba8                alisa_dashforwardwithsword_left
                0x08021bb0                alisa_dashforwardwithsword_left_layerSet
                0x08021bd0                alisa_dashforwardwithsword_left_layerSet3
                0x08021be0                alisa_dashforwardwithsword_left_layerSet2
                0x08021bf0                alisa_dashforwardwithsword_left_layerSet1
                0x08021c00                alisa_dashforwardwithsword_left_layerSet0
 .rodata        0x08021c10       0x68 spriteset_alisa_dashforwardwithsword_right.thumb.o
                0x08021c10                alisa_dashforwardwithsword_right
                0x08021c18                alisa_dashforwardwithsword_right_layerSet
                0x08021c38                alisa_dashforwardwithsword_right_layerSet3
                0x08021c48                alisa_dashforwardwithsword_right_layerSet2
                0x08021c58                alisa_dashforwardwithsword_right_layerSet1
                0x08021c68                alisa_dashforwardwithsword_right_layerSet0
 .rodata        0x08021c78       0x68 spriteset_alisa_dashforwardwithsword_up.thumb.o
                0x08021c78                alisa_dashforwardwithsword_up
                0x08021c80                alisa_dashforwardwithsword_up_layerSet
                0x08021ca0                alisa_dashforwardwithsword_up_layerSet3
                0x08021cb0                alisa_dashforwardwithsword_up_layerSet2
                0x08021cc0                alisa_dashforwardwithsword_up_layerSet1
                0x08021cd0                alisa_dashforwardwithsword_up_layerSet0
 .rodata        0x08021ce0       0x20 spriteset_alisa_preparedash_down.thumb.o
                0x08021ce0                alisa_preparedash_down
                0x08021ce8                alisa_preparedash_down_layerSet
                0x08021cf0                alisa_preparedash_down_layerSet0
 .rodata        0x08021d00       0x20 spriteset_alisa_preparedash_left.thumb.o
                0x08021d00                alisa_preparedash_left
                0x08021d08                alisa_preparedash_left_layerSet
                0x08021d10                alisa_preparedash_left_layerSet0
 .rodata        0x08021d20       0x20 spriteset_alisa_preparedash_right.thumb.o
                0x08021d20                alisa_preparedash_right
                0x08021d28                alisa_preparedash_right_layerSet
                0x08021d30                alisa_preparedash_right_layerSet0
 .rodata        0x08021d40       0x20 spriteset_alisa_preparedash_up.thumb.o
                0x08021d40                alisa_preparedash_up
                0x08021d48                alisa_preparedash_up_layerSet
                0x08021d50                alisa_preparedash_up_layerSet0
 .rodata        0x08021d60       0x98 spriteset_alisa_runwithsword_down.thumb.o
                0x08021d60                alisa_runwithsword_down
                0x08021d68                alisa_runwithsword_down_layerSet
                0x08021d98                alisa_runwithsword_down_layerSet5
                0x08021da8                alisa_runwithsword_down_layerSet4
                0x08021db8                alisa_runwithsword_down_layerSet3
                0x08021dc8                alisa_runwithsword_down_layerSet2
                0x08021dd8                alisa_runwithsword_down_layerSet1
                0x08021de8                alisa_runwithsword_down_layerSet0
 .rodata        0x08021df8       0x98 spriteset_alisa_runwithsword_left.thumb.o
                0x08021df8                alisa_runwithsword_left
                0x08021e00                alisa_runwithsword_left_layerSet
                0x08021e30                alisa_runwithsword_left_layerSet5
                0x08021e40                alisa_runwithsword_left_layerSet4
                0x08021e50                alisa_runwithsword_left_layerSet3
                0x08021e60                alisa_runwithsword_left_layerSet2
                0x08021e70                alisa_runwithsword_left_layerSet1
                0x08021e80                alisa_runwithsword_left_layerSet0
 .rodata        0x08021e90       0x98 spriteset_alisa_runwithsword_right.thumb.o
                0x08021e90                alisa_runwithsword_right
                0x08021e98                alisa_runwithsword_right_layerSet
                0x08021ec8                alisa_runwithsword_right_layerSet5
                0x08021ed8                alisa_runwithsword_right_layerSet4
                0x08021ee8                alisa_runwithsword_right_layerSet3
                0x08021ef8                alisa_runwithsword_right_layerSet2
                0x08021f08                alisa_runwithsword_right_layerSet1
                0x08021f18                alisa_runwithsword_right_layerSet0
 .rodata        0x08021f28       0x98 spriteset_alisa_runwithsword_up.thumb.o
                0x08021f28                alisa_runwithsword_up
                0x08021f30                alisa_runwithsword_up_layerSet
                0x08021f60                alisa_runwithsword_up_layerSet5
                0x08021f70                alisa_runwithsword_up_layerSet4
                0x08021f80                alisa_runwithsword_up_layerSet3
                0x08021f90                alisa_runwithsword_up_layerSet2
                0x08021fa0                alisa_runwithsword_up_layerSet1
                0x08021fb0                alisa_runwithsword_up_layerSet0
 .rodata        0x08021fc0       0x20 spriteset_alisa_standwithsword_down.thumb.o
                0x08021fc0                alisa_standwithsword_down
                0x08021fc8                alisa_standwithsword_down_layerSet
                0x08021fd0                alisa_standwithsword_down_layerSet0
 .rodata        0x08021fe0       0x20 spriteset_alisa_standwithsword_left.thumb.o
                0x08021fe0                alisa_standwithsword_left
                0x08021fe8                alisa_standwithsword_left_layerSet
                0x08021ff0                alisa_standwithsword_left_layerSet0
 .rodata        0x08022000       0x20 spriteset_alisa_standwithsword_right.thumb.o
                0x08022000                alisa_standwithsword_right
                0x08022008                alisa_standwithsword_right_layerSet
                0x08022010                alisa_standwithsword_right_layerSet0
 .rodata        0x08022020       0x20 spriteset_alisa_standwithsword_up.thumb.o
                0x08022020                alisa_standwithsword_up
                0x08022028                alisa_standwithsword_up_layerSet
                0x08022030                alisa_standwithsword_up_layerSet0
 .rodata        0x08022040       0x18 spriteset_alisa_stunnedwithsword_down.thumb.o
                0x08022040                alisa_stunnedwithsword_down
                0x08022048                alisa_stunnedwithsword_down_layerSet
                0x08022050                alisa_stunnedwithsword_down_layerSet0
 .rodata        0x08022058       0x18 spriteset_alisa_stunnedwithsword_left.thumb.o
                0x08022058                alisa_stunnedwithsword_left
                0x08022060                alisa_stunnedwithsword_left_layerSet
                0x08022068                alisa_stunnedwithsword_left_layerSet0
 .rodata        0x08022070       0x18 spriteset_alisa_stunnedwithsword_right.thumb.o
                0x08022070                alisa_stunnedwithsword_right
                0x08022078                alisa_stunnedwithsword_right_layerSet
                0x08022080                alisa_stunnedwithsword_right_layerSet0
 .rodata        0x08022088       0x18 spriteset_alisa_stunnedwithsword_up.thumb.o
                0x08022088                alisa_stunnedwithsword_up
                0x08022090                alisa_stunnedwithsword_up_layerSet
                0x08022098                alisa_stunnedwithsword_up_layerSet0
 .rodata        0x080220a0       0x68 spriteset_alisa_swordslash_down.thumb.o
                0x080220a0                alisa_swordslash_down
                0x080220a8                alisa_swordslash_down_layerSet
                0x080220c8                alisa_swordslash_down_layerSet3
                0x080220d8                alisa_swordslash_down_layerSet2
                0x080220e8                alisa_swordslash_down_layerSet1
                0x080220f8                alisa_swordslash_down_layerSet0
 .rodata        0x08022108       0x68 spriteset_alisa_swordslash_left.thumb.o
                0x08022108                alisa_swordslash_left
                0x08022110                alisa_swordslash_left_layerSet
                0x08022130                alisa_swordslash_left_layerSet3
                0x08022140                alisa_swordslash_left_layerSet2
                0x08022150                alisa_swordslash_left_layerSet1
                0x08022160                alisa_swordslash_left_layerSet0
 .rodata        0x08022170       0x68 spriteset_alisa_swordslash_right.thumb.o
                0x08022170                alisa_swordslash_right
                0x08022178                alisa_swordslash_right_layerSet
                0x08022198                alisa_swordslash_right_layerSet3
                0x080221a8                alisa_swordslash_right_layerSet2
                0x080221b8                alisa_swordslash_right_layerSet1
                0x080221c8                alisa_swordslash_right_layerSet0
 .rodata        0x080221d8       0x68 spriteset_alisa_swordslash_up.thumb.o
                0x080221d8                alisa_swordslash_up
                0x080221e0                alisa_swordslash_up_layerSet
                0x08022200                alisa_swordslash_up_layerSet3
                0x08022210                alisa_swordslash_up_layerSet2
                0x08022220                alisa_swordslash_up_layerSet1
                0x08022230                alisa_swordslash_up_layerSet0
 .rodata        0x08022240       0x18 spriteset_character_stand_left.thumb.o
                0x08022240                character_stand_left
                0x08022248                character_stand_left_layerSet
                0x08022250                character_stand_left_layerSet0
 .rodata        0x08022258       0x18 spriteset_character_stand_right.thumb.o
                0x08022258                character_stand_right
                0x08022260                character_stand_right_layerSet
                0x08022268                character_stand_right_layerSet0
 .rodata        0x08022270       0x48 spriteset_character_walk_left.thumb.o
                0x08022270                character_walk_left
                0x08022278                character_walk_left_layerSet
                0x08022298                character_walk_left_layerSet3
                0x080222a0                character_walk_left_layerSet2
                0x080222a8                character_walk_left_layerSet1
                0x080222b0                character_walk_left_layerSet0
 .rodata        0x080222b8       0x48 spriteset_character_walk_right.thumb.o
                0x080222b8                character_walk_right
                0x080222c0                character_walk_right_layerSet
                0x080222e0                character_walk_right_layerSet3
                0x080222e8                character_walk_right_layerSet2
                0x080222f0                character_walk_right_layerSet1
                0x080222f8                character_walk_right_layerSet0
 .rodata        0x08022300       0x18 spriteset_crow.thumb.o
                0x08022300                crow_standing
                0x08022308                crow_layerSet
                0x08022310                crow_layerSet0
 .rodata        0x08022318       0x28 spriteset_ghosltyman.thumb.o
                0x08022318                ghosltymantransition
                0x08022320                ghosltyman
                0x08022328                ghosltymantransition_layerSet
                0x08022330                ghosltyman_layerSet
                0x08022338                ghosltyman_layerSet0
 .rodata        0x08022340       0x88 spriteset_ghosthand_appear.thumb.o
                0x08022340                ghosthand_appear
                0x08022348                ghosthand_appear_layerSet
                0x08022378                ghosthand_appear_layerSet5
                0x08022380                ghosthand_appear_layerSet4
                0x080223a0                ghosthand_appear_layerSet3
                0x080223b0                ghosthand_appear_layerSet2
                0x080223b8                ghosthand_appear_layerSet1
                0x080223c0                ghosthand_appear_layerSet0
 .rodata        0x080223c8       0x18 spriteset_ghosthand_hidden.thumb.o
                0x080223c8                ghosthand_hidden
                0x080223d0                ghosthand_hidden_layerSet
                0x080223d8                ghosthand_hidden_layerSet0
 .rodata        0x080223e0       0x20 spriteset_ghostlyman_floating.thumb.o
                0x080223e0                ghostlyman_floating
                0x080223e8                ghostlyman_floating_layerSet
                0x080223f0                ghostlyman_floating_layerSet0
 .rodata        0x08022400      0x148 spriteset_werewolf_run_down.thumb.o
                0x08022400                werewolf_run_down
                0x08022408                werewolf_run_down_layerSet
                0x08022448                werewolf_run_down_layerSet7
                0x08022468                werewolf_run_down_layerSet6
                0x08022488                werewolf_run_down_layerSet5
                0x080224a8                werewolf_run_down_layerSet4
                0x080224c8                werewolf_run_down_layerSet3
                0x080224e8                werewolf_run_down_layerSet2
                0x08022508                werewolf_run_down_layerSet1
                0x08022528                werewolf_run_down_layerSet0
 .rodata        0x08022548      0x148 spriteset_werewolf_run_left.thumb.o
                0x08022548                werewolf_run_left
                0x08022550                werewolf_run_left_layerSet
                0x08022590                werewolf_run_left_layerSet7
                0x080225b0                werewolf_run_left_layerSet6
                0x080225d0                werewolf_run_left_layerSet5
                0x080225f0                werewolf_run_left_layerSet4
                0x08022610                werewolf_run_left_layerSet3
                0x08022630                werewolf_run_left_layerSet2
                0x08022650                werewolf_run_left_layerSet1
                0x08022670                werewolf_run_left_layerSet0
 .rodata        0x08022690      0x148 spriteset_werewolf_run_right.thumb.o
                0x08022690                werewolf_run_right
                0x08022698                werewolf_run_right_layerSet
                0x080226d8                werewolf_run_right_layerSet7
                0x080226f8                werewolf_run_right_layerSet6
                0x08022718                werewolf_run_right_layerSet5
                0x08022738                werewolf_run_right_layerSet4
                0x08022758                werewolf_run_right_layerSet3
                0x08022778                werewolf_run_right_layerSet2
                0x08022798                werewolf_run_right_layerSet1
                0x080227b8                werewolf_run_right_layerSet0
 .rodata        0x080227d8      0x148 spriteset_werewolf_run_up.thumb.o
                0x080227d8                werewolf_run_up
                0x080227e0                werewolf_run_up_layerSet
                0x08022820                werewolf_run_up_layerSet7
                0x08022840                werewolf_run_up_layerSet6
                0x08022860                werewolf_run_up_layerSet5
                0x08022880                werewolf_run_up_layerSet4
                0x080228a0                werewolf_run_up_layerSet3
                0x080228c0                werewolf_run_up_layerSet2
                0x080228e0                werewolf_run_up_layerSet1
                0x08022900                werewolf_run_up_layerSet0
 .rodata        0x08022920       0xa8 spriteset_werewolf_stand_down.thumb.o
                0x08022920                werewolf_stand_down
                0x08022928                werewolf_stand_down_layerSet
                0x08022948                werewolf_stand_down_layerSet3
                0x08022968                werewolf_stand_down_layerSet2
                0x08022988                werewolf_stand_down_layerSet1
                0x080229a8                werewolf_stand_down_layerSet0
 .rodata        0x080229c8       0xa8 spriteset_werewolf_stand_left.thumb.o
                0x080229c8                werewolf_stand_left
                0x080229d0                werewolf_stand_left_layerSet
                0x080229f0                werewolf_stand_left_layerSet3
                0x08022a10                werewolf_stand_left_layerSet2
                0x08022a30                werewolf_stand_left_layerSet1
                0x08022a50                werewolf_stand_left_layerSet0
 .rodata        0x08022a70       0xa8 spriteset_werewolf_stand_right.thumb.o
                0x08022a70                werewolf_stand_right
                0x08022a78                werewolf_stand_right_layerSet
                0x08022a98                werewolf_stand_right_layerSet3
                0x08022ab8                werewolf_stand_right_layerSet2
                0x08022ad8                werewolf_stand_right_layerSet1
                0x08022af8                werewolf_stand_right_layerSet0
 .rodata        0x08022b18       0xa8 spriteset_werewolf_stand_up.thumb.o
                0x08022b18                werewolf_stand_up
                0x08022b20                werewolf_stand_up_layerSet
                0x08022b40                werewolf_stand_up_layerSet3
                0x08022b60                werewolf_stand_up_layerSet2
                0x08022b80                werewolf_stand_up_layerSet1
                0x08022ba0                werewolf_stand_up_layerSet0
 .rodata        0x08022bc0       0x68 spriteset_zombie_attack_down.thumb.o
                0x08022bc0                zombie_attack_down
                0x08022bc8                zombie_attack_down_layerSet
                0x08022bf8                zombie_attack_down_layerSet5
                0x08022c00                zombie_attack_down_layerSet4
                0x08022c08                zombie_attack_down_layerSet3
                0x08022c10                zombie_attack_down_layerSet2
                0x08022c18                zombie_attack_down_layerSet1
                0x08022c20                zombie_attack_down_layerSet0
 .rodata        0x08022c28       0x68 spriteset_zombie_attack_left.thumb.o
                0x08022c28                zombie_attack_left
                0x08022c30                zombie_attack_left_layerSet
                0x08022c60                zombie_attack_left_layerSet5
                0x08022c68                zombie_attack_left_layerSet4
                0x08022c70                zombie_attack_left_layerSet3
                0x08022c78                zombie_attack_left_layerSet2
                0x08022c80                zombie_attack_left_layerSet1
                0x08022c88                zombie_attack_left_layerSet0
 .rodata        0x08022c90       0x68 spriteset_zombie_attack_right.thumb.o
                0x08022c90                zombie_attack_right
                0x08022c98                zombie_attack_right_layerSet
                0x08022cc8                zombie_attack_right_layerSet5
                0x08022cd0                zombie_attack_right_layerSet4
                0x08022cd8                zombie_attack_right_layerSet3
                0x08022ce0                zombie_attack_right_layerSet2
                0x08022ce8                zombie_attack_right_layerSet1
                0x08022cf0                zombie_attack_right_layerSet0
 .rodata        0x08022cf8       0x68 spriteset_zombie_attack_up.thumb.o
                0x08022cf8                zombie_attack_up
                0x08022d00                zombie_attack_up_layerSet
                0x08022d30                zombie_attack_up_layerSet5
                0x08022d38                zombie_attack_up_layerSet4
                0x08022d40                zombie_attack_up_layerSet3
                0x08022d48                zombie_attack_up_layerSet2
                0x08022d50                zombie_attack_up_layerSet1
                0x08022d58                zombie_attack_up_layerSet0
 .rodata        0x08022d60       0x48 spriteset_zombie_chase_down.thumb.o
                0x08022d60                zombie_chase_down
                0x08022d68                zombie_chase_down_layerSet
                0x08022d88                zombie_chase_down_layerSet3
                0x08022d90                zombie_chase_down_layerSet2
                0x08022d98                zombie_chase_down_layerSet1
                0x08022da0                zombie_chase_down_layerSet0
 .rodata        0x08022da8       0x48 spriteset_zombie_chase_left.thumb.o
                0x08022da8                zombie_chase_left
                0x08022db0                zombie_chase_left_layerSet
                0x08022dd0                zombie_chase_left_layerSet3
                0x08022dd8                zombie_chase_left_layerSet2
                0x08022de0                zombie_chase_left_layerSet1
                0x08022de8                zombie_chase_left_layerSet0
 .rodata        0x08022df0       0x48 spriteset_zombie_chase_right.thumb.o
                0x08022df0                zombie_chase_right
                0x08022df8                zombie_chase_right_layerSet
                0x08022e18                zombie_chase_right_layerSet3
                0x08022e20                zombie_chase_right_layerSet2
                0x08022e28                zombie_chase_right_layerSet1
                0x08022e30                zombie_chase_right_layerSet0
 .rodata        0x08022e38       0x48 spriteset_zombie_chase_up.thumb.o
                0x08022e38                zombie_chase_up
                0x08022e40                zombie_chase_up_layerSet
                0x08022e60                zombie_chase_up_layerSet3
                0x08022e68                zombie_chase_up_layerSet2
                0x08022e70                zombie_chase_up_layerSet1
                0x08022e78                zombie_chase_up_layerSet0
 .rodata        0x08022e80       0x18 spriteset_zombie_stunned_down.thumb.o
                0x08022e80                zombie_stunned_down
                0x08022e88                zombie_stunned_down_layerSet
                0x08022e90                zombie_stunned_down_layerSet0
 .rodata        0x08022e98       0x18 spriteset_zombie_stunned_left.thumb.o
                0x08022e98                zombie_stunned_left
                0x08022ea0                zombie_stunned_left_layerSet
                0x08022ea8                zombie_stunned_left_layerSet0
 .rodata        0x08022eb0       0x18 spriteset_zombie_stunned_right.thumb.o
                0x08022eb0                zombie_stunned_right
                0x08022eb8                zombie_stunned_right_layerSet
                0x08022ec0                zombie_stunned_right_layerSet0
 .rodata        0x08022ec8       0x18 spriteset_zombie_stunned_up.thumb.o
                0x08022ec8                zombie_stunned_up
                0x08022ed0                zombie_stunned_up_layerSet
                0x08022ed8                zombie_stunned_up_layerSet0
 .rodata        0x08022ee0       0x48 spriteset_zombie_walk_down.thumb.o
                0x08022ee0                zombie_walk_down
                0x08022ee8                zombie_walk_down_layerSet
                0x08022f08                zombie_walk_down_layerSet3
                0x08022f10                zombie_walk_down_layerSet2
                0x08022f18                zombie_walk_down_layerSet1
                0x08022f20                zombie_walk_down_layerSet0
 .rodata        0x08022f28       0x48 spriteset_zombie_walk_left.thumb.o
                0x08022f28                zombie_walk_left
                0x08022f30                zombie_walk_left_layerSet
                0x08022f50                zombie_walk_left_layerSet3
                0x08022f58                zombie_walk_left_layerSet2
                0x08022f60                zombie_walk_left_layerSet1
                0x08022f68                zombie_walk_left_layerSet0
 .rodata        0x08022f70       0x48 spriteset_zombie_walk_right.thumb.o
                0x08022f70                zombie_walk_right
                0x08022f78                zombie_walk_right_layerSet
                0x08022f98                zombie_walk_right_layerSet3
                0x08022fa0                zombie_walk_right_layerSet2
                0x08022fa8                zombie_walk_right_layerSet1
                0x08022fb0                zombie_walk_right_layerSet0
 .rodata        0x08022fb8       0x48 spriteset_zombie_walk_up.thumb.o
                0x08022fb8                zombie_walk_up
                0x08022fc0                zombie_walk_up_layerSet
                0x08022fe0                zombie_walk_up_layerSet3
                0x08022fe8                zombie_walk_up_layerSet2
                0x08022ff0                zombie_walk_up_layerSet1
                0x08022ff8                zombie_walk_up_layerSet0
 .rodata        0x08023000      0x520 tile_map_graveyard.o
                0x08023000                tile_stonelantern
                0x08023100                tile_shrine_walkway
                0x08023300                tile_gravestone
                0x080234c0                pallette_stonelantern
                0x080234e0                pallette_shrine_walkway
                0x08023500                pallette_gravestone
 .rodata        0x08023520      0x880 tile_map_shrine.o
                0x08023520                tile_shrine_roof
                0x080235a0                tile_shrine_wall
                0x080239a0                tile_shrine_flloorsupport
                0x08023aa0                tile_shrine_flloor
                0x08023ca0                tile_shrine_stairs
                0x08023d20                pallette_shrine_wall
                0x08023d40                pallette_shrine_flloorsupport
                0x08023d60                pallette_shrine_flloor
                0x08023d80                pallette_shrine_stairs
 *all.rodata*(*)
 *(.roda)
 *(.rodata.*)
 .rodata.str1.4
                0x08023da0       0x15 CharacterAlisa.thumb.o
 *fill*         0x08023db5        0x3 ff
 .rodata.str1.4
                0x08023db8       0x31 CharacterAlisaController.thumb.o
 *fill*         0x08023de9        0x3 ff
 .rodata.str1.4
                0x08023dec        0x8 CharacterWerewolfController.thumb.o
 .rodata.str1.4
                0x08023df4        0xe CharacterZombieController.thumb.o
 *fill*         0x08023e02        0x2 ff
 .rodata.str1.4
                0x08023e04        0xc ManagerBG.thumb.o
                                  0xb (size before relaxing)
 *(.gnu.linkonce.r*)
                0x08023e10                . = ALIGN (0x4)

.ARM.extab
 *(.ARM.extab* .gnu.linkonce.armextab.*)
                0x08023e10                __exidx_start = .

.ARM.exidx
 *(.ARM.exidx* .gnu.linkonce.armexidx.*)
                0x08023e10                __exidx_end = .

.ctors          0x08023e10        0x0
 *crtbegin.o(.ctors)
 *(EXCLUDE_FILE(*crtend.o) .ctors)
 *(SORT(.ctors.*))
 *(.ctors)
                0x08023e10                . = ALIGN (0x4)

.dtors          0x08023e10        0x0
 *crtbegin.o(.dtors)
 *(EXCLUDE_FILE(*crtend.o) .dtors)
 *(SORT(.dtors.*))
 *(.dtors)
                0x08023e10                . = ALIGN (0x4)

.eh_frame       0x08023e10        0x4
 *(.eh_frame)
 .eh_frame      0x08023e10        0x0 c:/devkitpro/devkitarm/bin/../lib/gcc/arm-none-eabi/7.1.0/crtbegin.o
 .eh_frame      0x08023e10        0x4 c:/devkitpro/devkitarm/bin/../lib/gcc/arm-none-eabi/7.1.0/crtend.o
                0x08023e14                . = ALIGN (0x4)

.rel.dyn        0x08023e14        0x0
 .rel.iplt      0x08023e14        0x0 c:/devkitpro/devkitarm/bin/../lib/gcc/arm-none-eabi/7.1.0/../../../../arm-none-eabi/lib/gba_crt0.o

.gcc_except_table
                0x08023e14        0x0
 *(.gcc_except_table)
                0x08023e14                . = ALIGN (0x4)
                0x08023e14                __iwram_lma = .

.iwram          0x03000000        0x0 load address 0x08023e14
                0x03000000                __iwram_start__ = ABSOLUTE (.)
 *(.iwram)
 *iwram.*(.text)
                0x03000000                . = ALIGN (0x4)
                0x03000000                __iwram_end__ = ABSOLUTE (.)
                0x08023e14                __data_lma = (__iwram_lma + SIZEOF (.iwram))

.bss            0x03000000      0x9bc
                0x03000000                __bss_start = ABSOLUTE (.)
                0x03000000                __bss_start__ = ABSOLUTE (.)
 *(.dynbss)
 *(.gnu.linkonce.b*)
 *(.bss*)
 .bss.completed.6484
                0x03000000        0x1 c:/devkitpro/devkitarm/bin/../lib/gcc/arm-none-eabi/7.1.0/crtbegin.o
 *fill*         0x03000001        0x3 
 .bss.object.6489
                0x03000004       0x18 c:/devkitpro/devkitarm/bin/../lib/gcc/arm-none-eabi/7.1.0/crtbegin.o
 .bss           0x0300001c        0x4 ManagerCharacters.thumb.o
                0x0300001c                mchar_vreference
 .bss           0x03000020        0x4 ManagerOAM.thumb.o
                0x03000020                moam_vreference
 .bss           0x03000024        0xc ManagerPrinter.thumb.o
                0x03000024                mprinter_lineNumber
                0x03000028                mprinter_lineIndex
                0x0300002c                delay
 .bss           0x03000030        0x4 ManagerScrDisplay.thumb.o
                0x03000030                mscr_vscrRef
 .bss           0x03000034        0xc ManagerVram.thumb.o
                0x03000034                sprite_memory_bank
                0x03000038                palette_memory_bank
                0x0300003c                BG_memory_bank
 .bss           0x03000040        0x8 MapCommon.thumb.o
                0x03000040                current
                0x03000044                blendVal
 .bss.__malloc_current_mallinfo
                0x03000048       0x28 c:/devkitpro/devkitarm/bin/../lib/gcc/arm-none-eabi/7.1.0/../../../../arm-none-eabi/lib\libg.a(lib_a-mallocr.o)
                0x03000048                __malloc_current_mallinfo
 .bss.__malloc_max_sbrked_mem
                0x03000070        0x4 c:/devkitpro/devkitarm/bin/../lib/gcc/arm-none-eabi/7.1.0/../../../../arm-none-eabi/lib\libg.a(lib_a-mallocr.o)
                0x03000070                __malloc_max_sbrked_mem
 .bss.__malloc_max_total_mem
                0x03000074        0x4 c:/devkitpro/devkitarm/bin/../lib/gcc/arm-none-eabi/7.1.0/../../../../arm-none-eabi/lib\libg.a(lib_a-mallocr.o)
                0x03000074                __malloc_max_total_mem
 .bss.__malloc_top_pad
                0x03000078        0x4 c:/devkitpro/devkitarm/bin/../lib/gcc/arm-none-eabi/7.1.0/../../../../arm-none-eabi/lib\libg.a(lib_a-mallocr.o)
                0x03000078                __malloc_top_pad
 .bss.heap_start.5814
                0x0300007c        0x4 c:/devkitpro/devkitarm/bin/../lib/gcc/arm-none-eabi/7.1.0/../../../../arm-none-eabi/lib\libsysbase.a(sbrk.o)
 .bss.fake_heap_end
                0x03000080        0x4 c:/devkitpro/devkitarm/bin/../lib/gcc/arm-none-eabi/7.1.0/../../../../arm-none-eabi/lib\libsysbase.a(malloc_vars.o)
                0x03000080                fake_heap_end
 .bss.fake_heap_start
                0x03000084        0x4 c:/devkitpro/devkitarm/bin/../lib/gcc/arm-none-eabi/7.1.0/../../../../arm-none-eabi/lib\libsysbase.a(malloc_vars.o)
                0x03000084                fake_heap_start
 .bss.__syscalls
                0x03000088       0x38 c:/devkitpro/devkitarm/bin/../lib/gcc/arm-none-eabi/7.1.0/../../../../arm-none-eabi/lib\libsysbase.a(syscall_support.o)
                0x03000088                __syscalls
 *(COMMON)
 COMMON         0x030000c0      0x800 ManagerPrinter.thumb.o
                0x030000c0                mprinter_textEntry
 COMMON         0x030008c0       0x84 ManagerSound.thumb.o
                0x030008c0                soundChannels
                0x03000938                soundBuffer
 COMMON         0x03000944       0x78 ManagerVram.thumb.o
                0x03000944                paletteIdCollection
                0x03000980                idCollection
                0x030009bc                . = ALIGN (0x4)
                0x030009bc                __bss_end__ = ABSOLUTE (.)

.data           0x030009bc      0xadc load address 0x08023e14
                0x030009bc                __data_start__ = ABSOLUTE (.)
 *(.data)
 .data          0x030009bc        0x4 CharacterCrow.thumb.o
                0x030009bc                crow_actions
 .data          0x030009c0        0xc CharacterWerewolf.thumb.o
                0x030009c0                werewolf_actions
 .data          0x030009cc       0x10 CharacterZombie.thumb.o
                0x030009cc                zombie_actions
 .data          0x030009dc       0xe0 SpriteSetAlisa.thumb.o
                0x030009dc                alisaDashBackwardWithSwordSet
                0x030009fc                alisaPrepareDashSet
                0x03000a1c                alisaDashForwardSet
                0x03000a3c                alisaStunnedSet
                0x03000a5c                alisaSlashSet
                0x03000a7c                alisaRunSet
                0x03000a9c                alisaStandWithSwordSet
 .data          0x03000abc       0x40 SpriteSetBoy.thumb.o
                0x03000abc                boyStandSet
                0x03000adc                boyWalkSet
 .data          0x03000afc       0x40 SpriteSetWerewolf.thumb.o
                0x03000afc                werewolfStand
                0x03000b1c                werewolfRun
 .data          0x03000b3c       0x80 SpriteSetZombie.thumb.o
                0x03000b3c                zombieStunned
                0x03000b5c                zombieChase
                0x03000b7c                zombieAttack
                0x03000b9c                zombieWalk
 .data          0x03000bbc       0x20 map_graveyard.o
                0x03000bbc                mapentryset_map_graveyard
                0x03000bc4                pallette_map_graveyard
                0x03000bd0                tileset_map_graveyard
 .data          0x03000bdc       0x3c map_shrine.o
                0x03000bdc                mapentryset_map_shrine
                0x03000be4                pallette_map_shrine
                0x03000bfc                tileset_map_shrine
 *(.data.*)
 .data.__malloc_av_
                0x03000c18      0x408 c:/devkitpro/devkitarm/bin/../lib/gcc/arm-none-eabi/7.1.0/../../../../arm-none-eabi/lib\libg.a(lib_a-mallocr.o)
                0x03000c18                __malloc_av_
 .data.__malloc_sbrk_base
                0x03001020        0x4 c:/devkitpro/devkitarm/bin/../lib/gcc/arm-none-eabi/7.1.0/../../../../arm-none-eabi/lib\libg.a(lib_a-mallocr.o)
                0x03001020                __malloc_sbrk_base
 .data.__malloc_trim_threshold
                0x03001024        0x4 c:/devkitpro/devkitarm/bin/../lib/gcc/arm-none-eabi/7.1.0/../../../../arm-none-eabi/lib\libg.a(lib_a-mallocr.o)
                0x03001024                __malloc_trim_threshold
 .data.__malloc_lock_object
                0x03001028        0xc c:/devkitpro/devkitarm/bin/../lib/gcc/arm-none-eabi/7.1.0/../../../../arm-none-eabi/lib\libg.a(lib_a-mlock.o)
 .data._impure_ptr
                0x03001034        0x4 c:/devkitpro/devkitarm/bin/../lib/gcc/arm-none-eabi/7.1.0/../../../../arm-none-eabi/lib\libg.a(lib_a-impure.o)
                0x03001034                _impure_ptr
 .data.impure_data
                0x03001038      0x460 c:/devkitpro/devkitarm/bin/../lib/gcc/arm-none-eabi/7.1.0/../../../../arm-none-eabi/lib\libg.a(lib_a-impure.o)
 *(.gnu.linkonce.d*)
                0x03001498                . = ALIGN (0x4)
                0x080248f0                __preinit_lma = (__data_lma + SIZEOF (.data))

.igot.plt       0x03001498        0x0 load address 0x080248f0
 .igot.plt      0x03001498        0x0 c:/devkitpro/devkitarm/bin/../lib/gcc/arm-none-eabi/7.1.0/../../../../arm-none-eabi/lib/gba_crt0.o

.tm_clone_table
                0x03001498        0x0 load address 0x080248f0
 .tm_clone_table
                0x03001498        0x0 c:/devkitpro/devkitarm/bin/../lib/gcc/arm-none-eabi/7.1.0/crtbegin.o
 .tm_clone_table
                0x03001498        0x0 c:/devkitpro/devkitarm/bin/../lib/gcc/arm-none-eabi/7.1.0/crtend.o

.preinit_array  0x03001498        0x0 load address 0x080248f0
                0x03001498                __preinit_array_start = ABSOLUTE (.)
 *(.preinit_array)
                0x03001498                __preinit_array_end = ABSOLUTE (.)
                0x080248f0                __init_lma = (__preinit_lma + SIZEOF (.preinit_array))

.init_array     0x03001498        0x4 load address 0x080248f0
                0x03001498                __init_array_start = ABSOLUTE (.)
 *(SORT(.init_array.*))
 *(.init_array)
 .init_array    0x03001498        0x4 c:/devkitpro/devkitarm/bin/../lib/gcc/arm-none-eabi/7.1.0/crtbegin.o
                0x0300149c                __init_array_end = ABSOLUTE (.)
                0x080248f4                __fini_lma = (__init_lma + SIZEOF (.init_array))

.fini_array     0x0300149c        0x4 load address 0x080248f4
                0x0300149c                __fini_array_start = ABSOLUTE (.)
 *(SORT(.fini_array.*))
 *(.fini_array)
 .fini_array    0x0300149c        0x4 c:/devkitpro/devkitarm/bin/../lib/gcc/arm-none-eabi/7.1.0/crtbegin.o
                0x030014a0                __fini_array_end = ABSOLUTE (.)
                0x080248f8                __jcr_lma = (__fini_lma + SIZEOF (.fini_array))

.jcr            0x030014a0        0x0 load address 0x080248f8
 *(.jcr)
                0x030014a0                __data_end__ = ABSOLUTE (.)
                0x080248f8                __iwram_overlay_lma = (__jcr_lma + SIZEOF (.jcr))
                0x030014a0                __iwram_overlay_start = .

.iwram0         0x030014a0        0x0 load address 0x080248f8
 *(.iwram0)
                0x030014a0                . = ALIGN (0x4)
                0x080248f8                PROVIDE (__load_start_iwram0, LOADADDR (.iwram0))
                0x080248f8                PROVIDE (__load_stop_iwram0, (LOADADDR (.iwram0) + SIZEOF (.iwram0)))

.iwram1         0x030014a0        0x0
 *(.iwram1)
                0x030014a0                . = ALIGN (0x4)
                [!provide]                PROVIDE (__load_start_iwram1, LOADADDR (.iwram1))
                [!provide]                PROVIDE (__load_stop_iwram1, (LOADADDR (.iwram1) + SIZEOF (.iwram1)))

.iwram2         0x030014a0        0x0
 *(.iwram2)
                0x030014a0                . = ALIGN (0x4)
                [!provide]                PROVIDE (__load_start_iwram2, LOADADDR (.iwram2))
                [!provide]                PROVIDE (__load_stop_iwram2, (LOADADDR (.iwram2) + SIZEOF (.iwram2)))

.iwram3         0x030014a0        0x0
 *(.iwram3)
                0x030014a0                . = ALIGN (0x4)
                [!provide]                PROVIDE (__load_start_iwram3, LOADADDR (.iwram3))
                [!provide]                PROVIDE (__load_stop_iwram3, (LOADADDR (.iwram3) + SIZEOF (.iwram3)))

.iwram4         0x030014a0        0x0
 *(.iwram4)
                0x030014a0                . = ALIGN (0x4)
                [!provide]                PROVIDE (__load_start_iwram4, LOADADDR (.iwram4))
                [!provide]                PROVIDE (__load_stop_iwram4, (LOADADDR (.iwram4) + SIZEOF (.iwram4)))

.iwram5         0x030014a0        0x0
 *(.iwram5)
                0x030014a0                . = ALIGN (0x4)
                [!provide]                PROVIDE (__load_start_iwram5, LOADADDR (.iwram5))
                [!provide]                PROVIDE (__load_stop_iwram5, (LOADADDR (.iwram5) + SIZEOF (.iwram5)))

.iwram6         0x030014a0        0x0
 *(.iwram6)
                0x030014a0                . = ALIGN (0x4)
                [!provide]                PROVIDE (__load_start_iwram6, LOADADDR (.iwram6))
                [!provide]                PROVIDE (__load_stop_iwram6, (LOADADDR (.iwram6) + SIZEOF (.iwram6)))

.iwram7         0x030014a0        0x0
 *(.iwram7)
                0x030014a0                . = ALIGN (0x4)
                [!provide]                PROVIDE (__load_start_iwram7, LOADADDR (.iwram7))
                [!provide]                PROVIDE (__load_stop_iwram7, (LOADADDR (.iwram7) + SIZEOF (.iwram7)))

.iwram8         0x030014a0        0x0
 *(.iwram8)
                0x030014a0                . = ALIGN (0x4)
                [!provide]                PROVIDE (__load_start_iwram8, LOADADDR (.iwram8))
                [!provide]                PROVIDE (__load_stop_iwram8, (LOADADDR (.iwram8) + SIZEOF (.iwram8)))

.iwram9         0x030014a0        0x0
 *(.iwram9)
                0x030014a0                . = ALIGN (0x4)
                [!provide]                PROVIDE (__load_start_iwram9, LOADADDR (.iwram9))
                [!provide]                PROVIDE (__load_stop_iwram9, (LOADADDR (.iwram9) + SIZEOF (.iwram9)))
                0x030014a0                __iwram_overlay_end = .
                0x080248f8                __ewram_lma = (__iwram_overlay_lma + (__iwram_overlay_end - __iwram_overlay_start))
                0x030014a0                __iheap_start = .
                0x02000000                __ewram_start = ORIGIN (ewram)

.ewram          0x02000000        0x0 load address 0x080248f8
 *(.ewram)
                0x02000000                . = ALIGN (0x4)
                0x02000000                __ewram_end = ABSOLUTE (.)
                0x080248f8                __pad_lma = (__ewram_lma + SIZEOF (.ewram))

.sbss           0x02000000        0x0
                0x02000000                __sbss_start__ = ABSOLUTE (.)
 *(.sbss)
                0x02000000                . = ALIGN (0x4)
                0x02000000                __sbss_end__ = ABSOLUTE (.)
                0x02000000                __end__ = ABSOLUTE (.)
                0x02000000                __eheap_start = ABSOLUTE (.)

.pad            0x02000000        0x8 load address 0x080248f8
                0x02000000        0x4 LONG 0x52416b64
                0x02000004        0x4 LONG 0x4d
                0x02000008                . = ALIGN (0x4)
                0x08024900                __rom_end__ = (__pad_lma + SIZEOF (.pad))

.stab
 *(.stab)

.stabstr
 *(.stabstr)

.stab.excl
 *(.stab.excl)

.stab.exclstr
 *(.stab.exclstr)

.stab.index
 *(.stab.index)

.stab.indexstr
 *(.stab.indexstr)

.comment        0x00000000       0x22
 *(.comment)
 .comment       0x00000000       0x22 c:/devkitpro/devkitarm/bin/../lib/gcc/arm-none-eabi/7.1.0/crtbegin.o
                                 0x23 (size before relaxing)
 .comment       0x00000022       0x23 ActionRpg.thumb.o
 .comment       0x00000022       0x23 CharacterAlisa.thumb.o
 .comment       0x00000022       0x23 CharacterAlisaController.thumb.o
 .comment       0x00000022       0x23 CharacterBoy.thumb.o
 .comment       0x00000022       0x23 CharacterBoyController.thumb.o
 .comment       0x00000022       0x23 CharacterCommon.thumb.o
 .comment       0x00000022       0x23 CharacterCrow.thumb.o
 .comment       0x00000022       0x23 CharacterCrowController.thumb.o
 .comment       0x00000022       0x23 CharacterGhostMan.thumb.o
 .comment       0x00000022       0x23 CharacterGhostlyHand.thumb.o
 .comment       0x00000022       0x23 CharacterGhostlyHandController.thumb.o
 .comment       0x00000022       0x23 CharacterGhostmanController.thumb.o
 .comment       0x00000022       0x23 CharacterNameless.thumb.o
 .comment       0x00000022       0x23 CharacterNamelessController.thumb.o
 .comment       0x00000022       0x23 CharacterType.thumb.o
 .comment       0x00000022       0x23 CharacterWerewolf.thumb.o
 .comment       0x00000022       0x23 CharacterWerewolfController.thumb.o
 .comment       0x00000022       0x23 CharacterZombie.thumb.o
 .comment       0x00000022       0x23 CharacterZombieController.thumb.o
 .comment       0x00000022       0x23 GBATimer.thumb.o
 .comment       0x00000022       0x23 ManagerBG.thumb.o
 .comment       0x00000022       0x23 ManagerCharacters.thumb.o
 .comment       0x00000022       0x23 ManagerCharactersActionEvents.thumb.o
 .comment       0x00000022       0x23 ManagerCollision.thumb.o
 .comment       0x00000022       0x23 ManagerEvents.thumb.o
 .comment       0x00000022       0x23 ManagerGame.thumb.o
 .comment       0x00000022       0x23 ManagerImageCopy.thumb.o
 .comment       0x00000022       0x23 ManagerOAM.thumb.o
 .comment       0x00000022       0x23 ManagerPrinter.thumb.o
 .comment       0x00000022       0x23 ManagerScrDisplay.thumb.o
 .comment       0x00000022       0x23 ManagerSound.thumb.o
 .comment       0x00000022       0x23 ManagerVram.thumb.o